Archive member included to satisfy reference by file (symbol)

c:/siliconlabs/simplicitystudio/v4/developer/toolchains/gnu_arm/7.2_2017q4/bin/../lib/gcc/arm-none-eabi/7.2.1/thumb/v7-m\libgcc.a(_aeabi_uldivmod.o)
                              ./emlib/em_usart.o (__aeabi_uldivmod)
c:/siliconlabs/simplicitystudio/v4/developer/toolchains/gnu_arm/7.2_2017q4/bin/../lib/gcc/arm-none-eabi/7.2.1/thumb/v7-m\libgcc.a(_udivmoddi4.o)
                              c:/siliconlabs/simplicitystudio/v4/developer/toolchains/gnu_arm/7.2_2017q4/bin/../lib/gcc/arm-none-eabi/7.2.1/thumb/v7-m\libgcc.a(_aeabi_uldivmod.o) (__udivmoddi4)
c:/siliconlabs/simplicitystudio/v4/developer/toolchains/gnu_arm/7.2_2017q4/bin/../lib/gcc/arm-none-eabi/7.2.1/thumb/v7-m\libgcc.a(_dvmd_tls.o)
                              c:/siliconlabs/simplicitystudio/v4/developer/toolchains/gnu_arm/7.2_2017q4/bin/../lib/gcc/arm-none-eabi/7.2.1/thumb/v7-m\libgcc.a(_aeabi_uldivmod.o) (__aeabi_ldiv0)
c:/siliconlabs/simplicitystudio/v4/developer/toolchains/gnu_arm/7.2_2017q4/bin/../lib/gcc/arm-none-eabi/7.2.1/../../../../arm-none-eabi/lib/thumb/v7-m\libc_nano.a(lib_a-exit.o)
                              c:/siliconlabs/simplicitystudio/v4/developer/toolchains/gnu_arm/7.2_2017q4/bin/../lib/gcc/arm-none-eabi/7.2.1/../../../../arm-none-eabi/lib/thumb/v7-m/crt0.o (exit)
c:/siliconlabs/simplicitystudio/v4/developer/toolchains/gnu_arm/7.2_2017q4/bin/../lib/gcc/arm-none-eabi/7.2.1/../../../../arm-none-eabi/lib/thumb/v7-m\libc_nano.a(lib_a-impure.o)
                              c:/siliconlabs/simplicitystudio/v4/developer/toolchains/gnu_arm/7.2_2017q4/bin/../lib/gcc/arm-none-eabi/7.2.1/../../../../arm-none-eabi/lib/thumb/v7-m\libc_nano.a(lib_a-exit.o) (_global_impure_ptr)
c:/siliconlabs/simplicitystudio/v4/developer/toolchains/gnu_arm/7.2_2017q4/bin/../lib/gcc/arm-none-eabi/7.2.1/../../../../arm-none-eabi/lib/thumb/v7-m\libc_nano.a(lib_a-init.o)
                              c:/siliconlabs/simplicitystudio/v4/developer/toolchains/gnu_arm/7.2_2017q4/bin/../lib/gcc/arm-none-eabi/7.2.1/../../../../arm-none-eabi/lib/thumb/v7-m/crt0.o (__libc_init_array)
c:/siliconlabs/simplicitystudio/v4/developer/toolchains/gnu_arm/7.2_2017q4/bin/../lib/gcc/arm-none-eabi/7.2.1/../../../../arm-none-eabi/lib/thumb/v7-m\libc_nano.a(lib_a-memcpy-stub.o)
                              ./FreeRTOS/efm32gg/queue.o (memcpy)
c:/siliconlabs/simplicitystudio/v4/developer/toolchains/gnu_arm/7.2_2017q4/bin/../lib/gcc/arm-none-eabi/7.2.1/../../../../arm-none-eabi/lib/thumb/v7-m\libc_nano.a(lib_a-memset.o)
                              c:/siliconlabs/simplicitystudio/v4/developer/toolchains/gnu_arm/7.2_2017q4/bin/../lib/gcc/arm-none-eabi/7.2.1/../../../../arm-none-eabi/lib/thumb/v7-m/crt0.o (memset)
c:/siliconlabs/simplicitystudio/v4/developer/toolchains/gnu_arm/7.2_2017q4/bin/../lib/gcc/arm-none-eabi/7.2.1/../../../../arm-none-eabi/lib/thumb/v7-m\libc_nano.a(lib_a-printf.o)
                              ./src/main.o (printf)
c:/siliconlabs/simplicitystudio/v4/developer/toolchains/gnu_arm/7.2_2017q4/bin/../lib/gcc/arm-none-eabi/7.2.1/../../../../arm-none-eabi/lib/thumb/v7-m\libc_nano.a(lib_a-findfp.o)
                              c:/siliconlabs/simplicitystudio/v4/developer/toolchains/gnu_arm/7.2_2017q4/bin/../lib/gcc/arm-none-eabi/7.2.1/../../../../arm-none-eabi/lib/thumb/v7-m\libc_nano.a(lib_a-printf.o) (__sinit)
c:/siliconlabs/simplicitystudio/v4/developer/toolchains/gnu_arm/7.2_2017q4/bin/../lib/gcc/arm-none-eabi/7.2.1/../../../../arm-none-eabi/lib/thumb/v7-m\libc_nano.a(lib_a-fwalk.o)
                              c:/siliconlabs/simplicitystudio/v4/developer/toolchains/gnu_arm/7.2_2017q4/bin/../lib/gcc/arm-none-eabi/7.2.1/../../../../arm-none-eabi/lib/thumb/v7-m\libc_nano.a(lib_a-findfp.o) (_fwalk)
c:/siliconlabs/simplicitystudio/v4/developer/toolchains/gnu_arm/7.2_2017q4/bin/../lib/gcc/arm-none-eabi/7.2.1/../../../../arm-none-eabi/lib/thumb/v7-m\libc_nano.a(lib_a-nano-mallocr.o)
                              c:/siliconlabs/simplicitystudio/v4/developer/toolchains/gnu_arm/7.2_2017q4/bin/../lib/gcc/arm-none-eabi/7.2.1/../../../../arm-none-eabi/lib/thumb/v7-m\libc_nano.a(lib_a-findfp.o) (_malloc_r)
c:/siliconlabs/simplicitystudio/v4/developer/toolchains/gnu_arm/7.2_2017q4/bin/../lib/gcc/arm-none-eabi/7.2.1/../../../../arm-none-eabi/lib/thumb/v7-m\libc_nano.a(lib_a-nano-vfprintf.o)
                              c:/siliconlabs/simplicitystudio/v4/developer/toolchains/gnu_arm/7.2_2017q4/bin/../lib/gcc/arm-none-eabi/7.2.1/../../../../arm-none-eabi/lib/thumb/v7-m\libc_nano.a(lib_a-printf.o) (_vfprintf_r)
c:/siliconlabs/simplicitystudio/v4/developer/toolchains/gnu_arm/7.2_2017q4/bin/../lib/gcc/arm-none-eabi/7.2.1/../../../../arm-none-eabi/lib/thumb/v7-m\libc_nano.a(lib_a-nano-vfprintf_i.o)
[...]
Memory Configuration

Name             Origin             Length             Attributes
FLASH            0x00000000         0x00100000         xr
RAM              0x20000000         0x00020000         xrw
*default*        0x00000000         0xffffffff

Linker script and memory map

LOAD c:/siliconlabs/simplicitystudio/v4/developer/toolchains/gnu_arm/7.2_2017q4/bin/../lib/gcc/arm-none-eabi/7.2.1/thumb/v7-m/crti.o
LOAD c:/siliconlabs/simplicitystudio/v4/developer/toolchains/gnu_arm/7.2_2017q4/bin/../lib/gcc/arm-none-eabi/7.2.1/thumb/v7-m/crtbegin.o
LOAD c:/siliconlabs/simplicitystudio/v4/developer/toolchains/gnu_arm/7.2_2017q4/bin/../lib/gcc/arm-none-eabi/7.2.1/../../../../arm-none-eabi/lib/thumb/v7-m/crt0.o
LOAD ./BSP/bsp_stk_leds.o
LOAD ./BSP/bsp_trace.o
LOAD ./CMSIS/EFM32GG/startup_gcc_efm32gg.o
LOAD ./CMSIS/EFM32GG/system_efm32gg.o
LOAD ./FreeRTOS/efm32gg/croutine.o
LOAD ./FreeRTOS/efm32gg/event_groups.o
LOAD ./FreeRTOS/efm32gg/heap_1.o
LOAD ./FreeRTOS/efm32gg/list.o
LOAD ./FreeRTOS/efm32gg/port_gcc.o
LOAD ./FreeRTOS/efm32gg/queue.o
LOAD ./FreeRTOS/efm32gg/tasks.o
LOAD ./FreeRTOS/efm32gg/timers.o
LOAD ./emlib/em_adc.o
LOAD ./emlib/em_assert.o
LOAD ./emlib/em_burtc.o
LOAD ./emlib/em_cmu.o
LOAD ./emlib/em_core.o
LOAD ./emlib/em_dac.o
LOAD ./emlib/em_emu.o
LOAD ./emlib/em_gpio.o
LOAD ./emlib/em_i2c.o
LOAD ./emlib/em_leuart.o
LOAD ./emlib/em_rmu.o
LOAD ./emlib/em_rtc.o
LOAD ./emlib/em_system.o
LOAD ./emlib/em_usart.o
LOAD ./emlib/em_wdog.o
LOAD ./src/low_power_tick_management.o
LOAD ./src/main.o
LOAD ./src/mainOriginal.o
LOAD ./src/my_i2c.o
START GROUP
LOAD c:/siliconlabs/simplicitystudio/v4/developer/toolchains/gnu_arm/7.2_2017q4/bin/../lib/gcc/arm-none-eabi/7.2.1/thumb/v7-m\libgcc.a
LOAD c:/siliconlabs/simplicitystudio/v4/developer/toolchains/gnu_arm/7.2_2017q4/bin/../lib/gcc/arm-none-eabi/7.2.1/../../../../arm-none-eabi/lib/thumb/v7-m\libc_nano.a
LOAD c:/siliconlabs/simplicitystudio/v4/developer/toolchains/gnu_arm/7.2_2017q4/bin/../lib/gcc/arm-none-eabi/7.2.1/../../../../arm-none-eabi/lib/thumb/v7-m\libnosys.a
END GROUP
START GROUP
LOAD c:/siliconlabs/simplicitystudio/v4/developer/toolchains/gnu_arm/7.2_2017q4/bin/../lib/gcc/arm-none-eabi/7.2.1/thumb/v7-m\libgcc.a
LOAD c:/siliconlabs/simplicitystudio/v4/developer/toolchains/gnu_arm/7.2_2017q4/bin/../lib/gcc/arm-none-eabi/7.2.1/../../../../arm-none-eabi/lib/thumb/v7-m\libg_nano.a
LOAD c:/siliconlabs/simplicitystudio/v4/developer/toolchains/gnu_arm/7.2_2017q4/bin/../lib/gcc/arm-none-eabi/7.2.1/../../../../arm-none-eabi/lib/thumb/v7-m\libc_nano.a
END GROUP
START GROUP
LOAD c:/siliconlabs/simplicitystudio/v4/developer/toolchains/gnu_arm/7.2_2017q4/bin/../lib/gcc/arm-none-eabi/7.2.1/thumb/v7-m\libgcc.a
LOAD c:/siliconlabs/simplicitystudio/v4/developer/toolchains/gnu_arm/7.2_2017q4/bin/../lib/gcc/arm-none-eabi/7.2.1/../../../../arm-none-eabi/lib/thumb/v7-m\libc_nano.a
END GROUP
LOAD c:/siliconlabs/simplicitystudio/v4/developer/toolchains/gnu_arm/7.2_2017q4/bin/../lib/gcc/arm-none-eabi/7.2.1/thumb/v7-m/crtend.o
LOAD c:/siliconlabs/simplicitystudio/v4/developer/toolchains/gnu_arm/7.2_2017q4/bin/../lib/gcc/arm-none-eabi/7.2.1/thumb/v7-m/crtn.o

.text           0x00000000     0x56d0
 *(.vectors)
 .vectors       0x00000000       0xdc ./CMSIS/EFM32GG/startup_gcc_efm32gg.o
                0x00000000                __Vectors
                0x000000dc                __Vectors_End = .
                0x000000dc                __Vectors_Size = (__Vectors_End - __Vectors)
                0x000000dc                __end__ = .
 *(.text*)
 .text          0x000000dc       0x40 c:/siliconlabs/simplicitystudio/v4/developer/toolchains/gnu_arm/7.2_2017q4/bin/../lib/gcc/arm-none-eabi/7.2.1/thumb/v7-m/crtbegin.o
 .text          0x0000011c       0x74 c:/siliconlabs/simplicitystudio/v4/developer/toolchains/gnu_arm/7.2_2017q4/bin/../lib/gcc/arm-none-eabi/7.2.1/../../../../arm-none-eabi/lib/thumb/v7-m/crt0.o
                0x0000011c                _start
                0x0000011c                _mainCRTStartup
 .text.BSP_LedsInit
                0x00000190       0x58 ./BSP/bsp_stk_leds.o
                0x00000190                BSP_LedsInit
 .text.BSP_TraceProfilerSetup
                0x000001e8      0x118 ./BSP/bsp_trace.o
                0x000001e8                BSP_TraceProfilerSetup
 .text          0x00000300       0x30 ./CMSIS/EFM32GG/startup_gcc_efm32gg.o
                0x00000300                Reset_Handler
                0x0000032c                DebugMon_Handler
                0x0000032c                USART0_TX_IRQHandler
                0x0000032c                I2C0_IRQHandler
                0x0000032c                HardFault_Handler
                0x0000032c                LEUART1_IRQHandler
                0x0000032c                USART1_RX_IRQHandler
                0x0000032c                NMI_Handler
                0x0000032c                I2C1_IRQHandler
                0x0000032c                TIMER3_IRQHandler
                0x0000032c                USART1_TX_IRQHandler
                0x0000032c                MSC_IRQHandler
                0x0000032c                ADC0_IRQHandler
                0x0000032c                UsageFault_Handler
                0x0000032c                LEUART0_IRQHandler
                0x0000032c                GPIO_EVEN_IRQHandler
                0x0000032c                UART0_TX_IRQHandler
                0x0000032c                UART1_TX_IRQHandler
                0x0000032c                RTC_IRQHandler
                0x0000032c                TIMER0_IRQHandler
                0x0000032c                TIMER2_IRQHandler
                0x0000032c                LCD_IRQHandler
                0x0000032c                PCNT2_IRQHandler
                0x0000032c                UART0_RX_IRQHandler
                0x0000032c                LETIMER0_IRQHandler
                0x0000032c                TIMER1_IRQHandler
                0x0000032c                USART2_RX_IRQHandler
                0x0000032c                Default_Handler
                0x0000032c                EMU_IRQHandler
                0x0000032c                PCNT0_IRQHandler
                0x0000032c                sl_app_properties
                0x0000032c                USB_IRQHandler
                0x0000032c                PCNT1_IRQHandler
                0x0000032c                ACMP0_IRQHandler
                0x0000032c                USART0_RX_IRQHandler
                0x0000032c                MemManage_Handler
                0x0000032c                DAC0_IRQHandler
                0x0000032c                UART1_RX_IRQHandler
                0x0000032c                CMU_IRQHandler
                0x0000032c                EBI_IRQHandler
                0x0000032c                LESENSE_IRQHandler
                0x0000032c                GPIO_ODD_IRQHandler
                0x0000032c                AES_IRQHandler
                0x0000032c                VCMP_IRQHandler
                0x0000032c                DMA_IRQHandler
                0x0000032c                BusFault_Handler
                0x0000032c                USART2_TX_IRQHandler
 .text.GetProdRev
                0x00000330       0x18 ./CMSIS/EFM32GG/system_efm32gg.o
 .text.SystemCoreClockGet
                0x00000348       0x34 ./CMSIS/EFM32GG/system_efm32gg.o
                0x00000348                SystemCoreClockGet
 .text.SystemHFClockGet
                0x0000037c      0x100 ./CMSIS/EFM32GG/system_efm32gg.o
                0x0000037c                SystemHFClockGet
 .text.SystemInit
                0x0000047c       0x1c ./CMSIS/EFM32GG/system_efm32gg.o
                0x0000047c                SystemInit
 .text.SystemLFRCOClockGet
                0x00000498       0x10 ./CMSIS/EFM32GG/system_efm32gg.o
                0x00000498                SystemLFRCOClockGet
 .text.SystemULFRCOClockGet
                0x000004a8       0x10 ./CMSIS/EFM32GG/system_efm32gg.o
                0x000004a8                SystemULFRCOClockGet
 .text.SystemLFXOClockGet
                0x000004b8       0x14 ./CMSIS/EFM32GG/system_efm32gg.o
                0x000004b8                SystemLFXOClockGet
 .text.pvPortMalloc
                0x000004cc       0x8c ./FreeRTOS/efm32gg/heap_1.o
                0x000004cc                pvPortMalloc
 .text.vPortFree
                0x00000558       0x24 ./FreeRTOS/efm32gg/heap_1.o
                0x00000558                vPortFree
 .text.vListInitialise
                0x0000057c       0x3e ./FreeRTOS/efm32gg/list.o
                0x0000057c                vListInitialise
 .text.vListInitialiseItem
                0x000005ba       0x18 ./FreeRTOS/efm32gg/list.o
                0x000005ba                vListInitialiseItem
 .text.vListInsertEnd
                0x000005d2       0x46 ./FreeRTOS/efm32gg/list.o
                0x000005d2                vListInsertEnd
 .text.vListInsert
                0x00000618       0x70 ./FreeRTOS/efm32gg/list.o
                0x00000618                vListInsert
 .text.uxListRemove
                0x00000688       0x52 ./FreeRTOS/efm32gg/list.o
                0x00000688                uxListRemove
 *fill*         0x000006da        0x2 
 .text.pxPortInitialiseStack
                0x000006dc       0x58 ./FreeRTOS/efm32gg/port_gcc.o
                0x000006dc                pxPortInitialiseStack
 .text.prvTaskExitError
                0x00000734       0x34 ./FreeRTOS/efm32gg/port_gcc.o
 *fill*         0x00000768        0x8 
 .text.SVC_Handler
                0x00000770       0x28 ./FreeRTOS/efm32gg/port_gcc.o
                0x00000770                SVC_Handler
 .text.prvPortStartFirstTask
                0x00000798       0x20 ./FreeRTOS/efm32gg/port_gcc.o
 .text.xPortStartScheduler
                0x000007b8       0xbc ./FreeRTOS/efm32gg/port_gcc.o
                0x000007b8                xPortStartScheduler
 .text.vPortEnterCritical
                0x00000874       0x54 ./FreeRTOS/efm32gg/port_gcc.o
                0x00000874                vPortEnterCritical
 .text.vPortExitCritical
                0x000008c8       0x44 ./FreeRTOS/efm32gg/port_gcc.o
                0x000008c8                vPortExitCritical
 *fill*         0x0000090c        0x4 
 .text.PendSV_Handler
                0x00000910       0x48 ./FreeRTOS/efm32gg/port_gcc.o
                0x00000910                PendSV_Handler
 .text.SysTick_Handler
                0x00000958       0x40 ./FreeRTOS/efm32gg/port_gcc.o
                0x00000958                SysTick_Handler
 .text.vPortValidateInterruptPriority
                0x00000998       0x68 ./FreeRTOS/efm32gg/port_gcc.o
                0x00000998                vPortValidateInterruptPriority
 .text.xQueueGenericReset
                0x00000a00       0xc8 ./FreeRTOS/efm32gg/queue.o
                0x00000a00                xQueueGenericReset
 .text.xQueueGenericCreate
                0x00000ac8       0x6c ./FreeRTOS/efm32gg/queue.o
                0x00000ac8                xQueueGenericCreate
 .text.prvInitialiseNewQueue
                0x00000b34       0x3e ./FreeRTOS/efm32gg/queue.o
 *fill*         0x00000b72        0x2 
 .text.xQueueGenericSend
                0x00000b74      0x1b4 ./FreeRTOS/efm32gg/queue.o
                0x00000b74                xQueueGenericSend
 .text.xQueueGenericSendFromISR
                0x00000d28       0xfc ./FreeRTOS/efm32gg/queue.o
                0x00000d28                xQueueGenericSendFromISR
 .text.xQueueGenericReceive
                0x00000e24      0x1f8 ./FreeRTOS/efm32gg/queue.o
                0x00000e24                xQueueGenericReceive
 .text.prvCopyDataToQueue
                0x0000101c       0xd4 ./FreeRTOS/efm32gg/queue.o
 .text.prvCopyDataFromQueue
                0x000010f0       0x4c ./FreeRTOS/efm32gg/queue.o
 .text.prvUnlockQueue
                0x0000113c       0xa4 ./FreeRTOS/efm32gg/queue.o
 .text.prvIsQueueEmpty
                0x000011e0       0x2c ./FreeRTOS/efm32gg/queue.o
 .text.prvIsQueueFull
                0x0000120c       0x30 ./FreeRTOS/efm32gg/queue.o
 .text.vQueueAddToRegistry
                0x0000123c       0x50 ./FreeRTOS/efm32gg/queue.o
                0x0000123c                vQueueAddToRegistry
 .text.vQueueWaitForMessageRestricted
                0x0000128c       0x68 ./FreeRTOS/efm32gg/queue.o
                0x0000128c                vQueueWaitForMessageRestricted
 .text.xTaskCreate
                0x000012f4       0x82 ./FreeRTOS/efm32gg/tasks.o
                0x000012f4                xTaskCreate
 *fill*         0x00001376        0x2 
 .text.prvInitialiseNewTask
                0x00001378       0xf8 ./FreeRTOS/efm32gg/tasks.o
 .text.prvAddNewTaskToReadyList
                0x00001470       0xd4 ./FreeRTOS/efm32gg/tasks.o
 .text.vTaskStartScheduler
                0x00001544       0x90 ./FreeRTOS/efm32gg/tasks.o
                0x00001544                vTaskStartScheduler
 .text.vTaskSuspendAll
                0x000015d4       0x1c ./FreeRTOS/efm32gg/tasks.o
                0x000015d4                vTaskSuspendAll
 .text.xTaskResumeAll
                0x000015f0      0x130 ./FreeRTOS/efm32gg/tasks.o
                0x000015f0                xTaskResumeAll
 .text.xTaskGetTickCount
                0x00001720       0x1c ./FreeRTOS/efm32gg/tasks.o
                0x00001720                xTaskGetTickCount
 .text.xTaskIncrementTick
                0x0000173c      0x174 ./FreeRTOS/efm32gg/tasks.o
                0x0000173c                xTaskIncrementTick
 .text.vTaskSwitchContext
                0x000018b0       0xac ./FreeRTOS/efm32gg/tasks.o
                0x000018b0                vTaskSwitchContext
 .text.vTaskPlaceOnEventList
                0x0000195c       0x40 ./FreeRTOS/efm32gg/tasks.o
                0x0000195c                vTaskPlaceOnEventList
 .text.vTaskPlaceOnEventListRestricted
                0x0000199c       0x50 ./FreeRTOS/efm32gg/tasks.o
                0x0000199c                vTaskPlaceOnEventListRestricted
 .text.xTaskRemoveFromEventList
                0x000019ec       0xbc ./FreeRTOS/efm32gg/tasks.o
                0x000019ec                xTaskRemoveFromEventList
 .text.vTaskSetTimeOutState
                0x00001aa8       0x3c ./FreeRTOS/efm32gg/tasks.o
                0x00001aa8                vTaskSetTimeOutState
 .text.xTaskCheckForTimeOut
                0x00001ae4       0xac ./FreeRTOS/efm32gg/tasks.o
                0x00001ae4                xTaskCheckForTimeOut
 .text.vTaskMissedYield
                0x00001b90       0x18 ./FreeRTOS/efm32gg/tasks.o
                0x00001b90                vTaskMissedYield
 .text.prvIdleTask
                0x00001ba8       0x12 ./FreeRTOS/efm32gg/tasks.o
 *fill*         0x00001bba        0x2 
 .text.prvInitialiseTaskLists
                0x00001bbc       0x80 ./FreeRTOS/efm32gg/tasks.o
 .text.prvCheckTasksWaitingTermination
                0x00001c3c       0x78 ./FreeRTOS/efm32gg/tasks.o
 .text.prvDeleteTCB
                0x00001cb4       0x20 ./FreeRTOS/efm32gg/tasks.o
 .text.prvResetNextTaskUnblockTime
                0x00001cd4       0x48 ./FreeRTOS/efm32gg/tasks.o
 .text.xTaskGetSchedulerState
                0x00001d1c       0x3c ./FreeRTOS/efm32gg/tasks.o
                0x00001d1c                xTaskGetSchedulerState
 .text.vTaskPriorityInherit
                0x00001d58       0xec ./FreeRTOS/efm32gg/tasks.o
                0x00001d58                vTaskPriorityInherit
 .text.xTaskPriorityDisinherit
                0x00001e44       0xf8 ./FreeRTOS/efm32gg/tasks.o
                0x00001e44                xTaskPriorityDisinherit
 .text.pvTaskIncrementMutexHeldCount
                0x00001f3c       0x28 ./FreeRTOS/efm32gg/tasks.o
                0x00001f3c                pvTaskIncrementMutexHeldCount
 .text.prvAddCurrentTaskToDelayedList
                0x00001f64       0xcc ./FreeRTOS/efm32gg/tasks.o
 .text.xTimerCreateTimerTask
                0x00002030       0x5c ./FreeRTOS/efm32gg/timers.o
                0x00002030                xTimerCreateTimerTask
 .text.xTimerGenericCommand
                0x0000208c       0x94 ./FreeRTOS/efm32gg/timers.o
                0x0000208c                xTimerGenericCommand
 .text.prvProcessExpiredTimer
                0x00002120       0x78 ./FreeRTOS/efm32gg/timers.o
 .text.prvTimerTask
                0x00002198       0x24 ./FreeRTOS/efm32gg/timers.o
 .text.prvProcessTimerOrBlockTask
                0x000021bc       0x9c ./FreeRTOS/efm32gg/timers.o
 .text.prvGetNextExpireTime
                0x00002258       0x48 ./FreeRTOS/efm32gg/timers.o
 .text.prvSampleTimeNow
                0x000022a0       0x40 ./FreeRTOS/efm32gg/timers.o
 .text.prvInsertTimerInActiveList
                0x000022e0       0x84 ./FreeRTOS/efm32gg/timers.o
 .text.prvProcessReceivedCommands
                0x00002364      0x114 ./FreeRTOS/efm32gg/timers.o
 .text.prvSwitchTimerLists
                0x00002478       0xbc ./FreeRTOS/efm32gg/timers.o
 .text.prvCheckForValidListAndQueue
                0x00002534       0x6c ./FreeRTOS/efm32gg/timers.o
 .text.assertEFM
                0x000025a0        0xc ./emlib/em_assert.o
                0x000025a0                assertEFM
 .text.BUS_RegBitWrite
                0x000025ac       0x2c ./emlib/em_burtc.o
 .text.BURTC_IntClear
                0x000025d8       0x1c ./emlib/em_burtc.o
 .text.BURTC_FreezeEnable
                0x000025f4       0x24 ./emlib/em_burtc.o
 .text.divToLog2
                0x00002618       0x3c ./emlib/em_burtc.o
 .text.regSync  0x00002654       0x4c ./emlib/em_burtc.o
 .text.BURTC_Init
                0x000026a0      0x118 ./emlib/em_burtc.o
                0x000026a0                BURTC_Init
 .text.BURTC_Enable
                0x000027b8       0x50 ./emlib/em_burtc.o
                0x000027b8                BURTC_Enable
 .text.BURTC_CompareSet
                0x00002808       0x38 ./emlib/em_burtc.o
                0x00002808                BURTC_CompareSet
 .text.BURTC_CompareGet
                0x00002840       0x2c ./emlib/em_burtc.o
                0x00002840                BURTC_CompareGet
 .text.BURTC_CounterReset
                0x0000286c       0x20 ./emlib/em_burtc.o
                0x0000286c                BURTC_CounterReset
 .text.BUS_RegBitWrite
                0x0000288c       0x2c ./emlib/em_cmu.o
 .text.BUS_RegBitRead
                0x000028b8       0x28 ./emlib/em_cmu.o
 .text.CMU_DivToLog2
                0x000028e0       0x3c ./emlib/em_cmu.o
 .text.SYSTEM_GetProdRev
                0x0000291c       0x18 ./emlib/em_cmu.o
 .text.SYSTEM_GetFamily
                0x00002934       0x18 ./emlib/em_cmu.o
 .text.maxFreqHfle
                0x0000294c       0x88 ./emlib/em_cmu.o
 .text.setHfLeConfig
                0x000029d4       0x64 ./emlib/em_cmu.o
 .text.getHfLeConfig
                0x00002a38       0x20 ./emlib/em_cmu.o
 .text.auxClkGet
                0x00002a58       0xc0 ./emlib/em_cmu.o
 .text.dbgClkGet
                0x00002b18       0x4c ./emlib/em_cmu.o
 .text.lfClkGet
                0x00002b64      0x10c ./emlib/em_cmu.o
 .text.syncReg  0x00002c70       0x34 ./emlib/em_cmu.o
 .text.usbCClkGet
                0x00002ca4       0x4c ./emlib/em_cmu.o
 .text.CMU_ClockEnable
                0x00002cf0       0xdc ./emlib/em_cmu.o
                0x00002cf0                CMU_ClockEnable
 .text.CMU_ClockFreqGet
                0x00002dcc      0x1e4 ./emlib/em_cmu.o
                0x00002dcc                CMU_ClockFreqGet
 .text.CMU_ClockSelectGet
                0x00002fb0      0x168 ./emlib/em_cmu.o
                0x00002fb0                CMU_ClockSelectGet
 .text.GPIO_PinOutClear
                0x00003118       0x98 ./emlib/em_gpio.o
 .text.GPIO_PinOutSet
                0x000031b0       0x98 ./emlib/em_gpio.o
 .text.GPIO_PinModeSet
                0x00003248      0x15c ./emlib/em_gpio.o
                0x00003248                GPIO_PinModeSet
 .text.I2C_IntClear
                0x000033a4       0x1a ./emlib/em_i2c.o
 .text.BUS_RegBitWrite
                0x000033be       0x2c ./emlib/em_i2c.o
 .text.BUS_RegMaskedWrite
                0x000033ea       0x28 ./emlib/em_i2c.o
 .text.flushRx  0x00003412       0x24 ./emlib/em_i2c.o
 *fill*         0x00003436        0x2 
 .text.I2C_BusFreqSet
                0x00003438      0x19c ./emlib/em_i2c.o
                0x00003438                I2C_BusFreqSet
 .text.I2C_Enable
                0x000035d4       0x48 ./emlib/em_i2c.o
                0x000035d4                I2C_Enable
 .text.I2C_Init
                0x0000361c       0x7c ./emlib/em_i2c.o
                0x0000361c                I2C_Init
 .text.I2C_Transfer
                0x00003698      0x478 ./emlib/em_i2c.o
                0x00003698                I2C_Transfer
 .text.I2C_TransferInit
                0x00003b10       0xfc ./emlib/em_i2c.o
                0x00003b10                I2C_TransferInit
 .text.SL_CTZ   0x00003c0c       0x26 ./emlib/em_rmu.o
 .text.BUS_RegBitWrite
                0x00003c32       0x2c ./emlib/em_rmu.o
 *fill*         0x00003c5e        0x2 
 .text.RMU_ResetControl
                0x00003c60       0x3c ./emlib/em_rmu.o
                0x00003c60                RMU_ResetControl
 .text.SYSTEM_ChipRevisionGet
                0x00003c9c       0x88 ./emlib/em_system.o
                0x00003c9c                SYSTEM_ChipRevisionGet
 .text.__NVIC_EnableIRQ
                0x00003d24       0x38 ./src/low_power_tick_management.o
 .text.__NVIC_ClearPendingIRQ
                0x00003d5c       0x3c ./src/low_power_tick_management.o
 .text.__NVIC_SetPriority
                0x00003d98       0x54 ./src/low_power_tick_management.o
 .text.BURTC_IntClear
                0x00003dec       0x1c ./src/low_power_tick_management.o
 .text.BURTC_IntDisable
                0x00003e08       0x24 ./src/low_power_tick_management.o
 .text.BURTC_IntEnable
                0x00003e2c       0x24 ./src/low_power_tick_management.o
 .text.vApplicationIdleHook
                0x00003e50        0xc ./src/low_power_tick_management.o
                0x00003e50                vApplicationIdleHook
 .text.BURTC_IRQHandler
                0x00003e5c       0x7c ./src/low_power_tick_management.o
                0x00003e5c                BURTC_IRQHandler
 .text.vPortSetupTimerInterrupt
                0x00003ed8       0x84 ./src/low_power_tick_management.o
                0x00003ed8                vPortSetupTimerInterrupt
 .text.SYSTEM_GetProdRev
                0x00003f5c       0x18 ./src/main.o
 .text.CHIP_Init
                0x00003f74       0x48 ./src/main.o
 .text.WriteOutputTask
                0x00003fbc       0x38 ./src/main.o
 .text.ReadI2CTask
                0x00003ff4       0xbe ./src/main.o
 *fill*         0x000040b2        0x2 
 .text.main     0x000040b4       0x8c ./src/main.o
                0x000040b4                main
 .text.ITM_SendChar
                0x00004140       0x4c ./src/my_i2c.o
 .text._write   0x0000418c       0x38 ./src/my_i2c.o
                0x0000418c                _write
 .text.i2c_initSemaphore
                0x000041c4       0x38 ./src/my_i2c.o
                0x000041c4                i2c_initSemaphore
 .text.BSP_I2C_Init
                0x000041fc       0x78 ./src/my_i2c.o
                0x000041fc                BSP_I2C_Init
 .text.I2C_WriteRegister
                0x00004274       0xa4 ./src/my_i2c.o
                0x00004274                I2C_WriteRegister
 .text.I2C_ReadRegister
                0x00004318       0xa4 ./src/my_i2c.o
                0x00004318                I2C_ReadRegister
 .text.I2C_Test
                0x000043bc       0x6c ./src/my_i2c.o
                0x000043bc                I2C_Test
 .text.exit     0x00004428       0x28 c:/siliconlabs/simplicitystudio/v4/developer/toolchains/gnu_arm/7.2_2017q4/bin/../lib/gcc/arm-none-eabi/7.2.1/../../../../arm-none-eabi/lib/thumb/v7-m\libc_nano.a(lib_a-exit.o)
                0x00004428                exit
 .text.__libc_init_array
                0x00004450       0x48 c:/siliconlabs/simplicitystudio/v4/developer/toolchains/gnu_arm/7.2_2017q4/bin/../lib/gcc/arm-none-eabi/7.2.1/../../../../arm-none-eabi/lib/thumb/v7-m\libc_nano.a(lib_a-init.o)
                0x00004450                __libc_init_array
 .text.memcpy   0x00004498       0x16 c:/siliconlabs/simplicitystudio/v4/developer/toolchains/gnu_arm/7.2_2017q4/bin/../lib/gcc/arm-none-eabi/7.2.1/../../../../arm-none-eabi/lib/thumb/v7-m\libc_nano.a(lib_a-memcpy-stub.o)
                0x00004498                memcpy
 .text.memset   0x000044ae       0x10 c:/siliconlabs/simplicitystudio/v4/developer/toolchains/gnu_arm/7.2_2017q4/bin/../lib/gcc/arm-none-eabi/7.2.1/../../../../arm-none-eabi/lib/thumb/v7-m\libc_nano.a(lib_a-memset.o)
                0x000044ae                memset
 *fill*         0x000044be        0x2 
 .text.printf   0x000044c0       0x30 c:/siliconlabs/simplicitystudio/v4/developer/toolchains/gnu_arm/7.2_2017q4/bin/../lib/gcc/arm-none-eabi/7.2.1/../../../../arm-none-eabi/lib/thumb/v7-m\libc_nano.a(lib_a-printf.o)
                0x000044c0                iprintf
                0x000044c0                printf
 .text.std      0x000044f0       0x48 c:/siliconlabs/simplicitystudio/v4/developer/toolchains/gnu_arm/7.2_2017q4/bin/../lib/gcc/arm-none-eabi/7.2.1/../../../../arm-none-eabi/lib/thumb/v7-m\libc_nano.a(lib_a-findfp.o)
 .text._cleanup_r
                0x00004538        0xc c:/siliconlabs/simplicitystudio/v4/developer/toolchains/gnu_arm/7.2_2017q4/bin/../lib/gcc/arm-none-eabi/7.2.1/../../../../arm-none-eabi/lib/thumb/v7-m\libc_nano.a(lib_a-findfp.o)
                0x00004538                _cleanup_r
 .text.__sfmoreglue
                0x00004544       0x2c c:/siliconlabs/simplicitystudio/v4/developer/toolchains/gnu_arm/7.2_2017q4/bin/../lib/gcc/arm-none-eabi/7.2.1/../../../../arm-none-eabi/lib/thumb/v7-m\libc_nano.a(lib_a-findfp.o)
                0x00004544                __sfmoreglue
 .text.__sinit  0x00004570       0x60 c:/siliconlabs/simplicitystudio/v4/developer/toolchains/gnu_arm/7.2_2017q4/bin/../lib/gcc/arm-none-eabi/7.2.1/../../../../arm-none-eabi/lib/thumb/v7-m\libc_nano.a(lib_a-findfp.o)
                0x00004570                __sinit
 .text.__sfp    0x000045d0       0x78 c:/siliconlabs/simplicitystudio/v4/developer/toolchains/gnu_arm/7.2_2017q4/bin/../lib/gcc/arm-none-eabi/7.2.1/../../../../arm-none-eabi/lib/thumb/v7-m\libc_nano.a(lib_a-findfp.o)
                0x000045d0                __sfp
 .text._fwalk_reent
                0x00004648       0x3c c:/siliconlabs/simplicitystudio/v4/developer/toolchains/gnu_arm/7.2_2017q4/bin/../lib/gcc/arm-none-eabi/7.2.1/../../../../arm-none-eabi/lib/thumb/v7-m\libc_nano.a(lib_a-fwalk.o)
                0x00004648                _fwalk_reent
 .text._malloc_r
                0x00004684       0xb4 c:/siliconlabs/simplicitystudio/v4/developer/toolchains/gnu_arm/7.2_2017q4/bin/../lib/gcc/arm-none-eabi/7.2.1/../../../../arm-none-eabi/lib/thumb/v7-m\libc_nano.a(lib_a-nano-mallocr.o)
                0x00004684                _malloc_r
 .text.__sfputc_r
                0x00004738       0x2a c:/siliconlabs/simplicitystudio/v4/developer/toolchains/gnu_arm/7.2_2017q4/bin/../lib/gcc/arm-none-eabi/7.2.1/../../../../arm-none-eabi/lib/thumb/v7-m\libc_nano.a(lib_a-nano-vfprintf.o)
 .text.__sfputs_r
                0x00004762       0x24 c:/siliconlabs/simplicitystudio/v4/developer/toolchains/gnu_arm/7.2_2017q4/bin/../lib/gcc/arm-none-eabi/7.2.1/../../../../arm-none-eabi/lib/thumb/v7-m\libc_nano.a(lib_a-nano-vfprintf.o)
                0x00004762                __sfputs_r
 *fill*         0x00004786        0x2 
 .text._vfprintf_r
                0x00004788      0x228 c:/siliconlabs/simplicitystudio/v4/developer/toolchains/gnu_arm/7.2_2017q4/bin/../lib/gcc/arm-none-eabi/7.2.1/../../../../arm-none-eabi/lib/thumb/v7-m\libc_nano.a(lib_a-nano-vfprintf.o)
                0x00004788                _vfprintf_r
                0x00004788                _vfiprintf_r
 .text._printf_common
                0x000049b0       0xec c:/siliconlabs/simplicitystudio/v4/developer/toolchains/gnu_arm/7.2_2017q4/bin/../lib/gcc/arm-none-eabi/7.2.1/../../../../arm-none-eabi/lib/thumb/v7-m\libc_nano.a(lib_a-nano-vfprintf_i.o)
                0x000049b0                _printf_common
 .text._printf_i
                0x00004a9c      0x224 c:/siliconlabs/simplicitystudio/v4/developer/toolchains/gnu_arm/7.2_2017q4/bin/../lib/gcc/arm-none-eabi/7.2.1/../../../../arm-none-eabi/lib/thumb/v7-m\libc_nano.a(lib_a-nano-vfprintf_i.o)
                0x00004a9c                _printf_i
 .text._sbrk_r  0x00004cc0       0x20 c:/siliconlabs/simplicitystudio/v4/developer/toolchains/gnu_arm/7.2_2017q4/bin/../lib/gcc/arm-none-eabi/7.2.1/../../../../arm-none-eabi/lib/thumb/v7-m\libc_nano.a(lib_a-sbrkr.o)
                0x00004cc0                _sbrk_r
 .text.__sread  0x00004ce0       0x22 c:/siliconlabs/simplicitystudio/v4/developer/toolchains/gnu_arm/7.2_2017q4/bin/../lib/gcc/arm-none-eabi/7.2.1/../../../../arm-none-eabi/lib/thumb/v7-m\libc_nano.a(lib_a-stdio.o)
                0x00004ce0                __sread
 .text.__swrite
                0x00004d02       0x38 c:/siliconlabs/simplicitystudio/v4/developer/toolchains/gnu_arm/7.2_2017q4/bin/../lib/gcc/arm-none-eabi/7.2.1/../../../../arm-none-eabi/lib/thumb/v7-m\libc_nano.a(lib_a-stdio.o)
                0x00004d02                __swrite
 .text.__sseek  0x00004d3a       0x24 c:/siliconlabs/simplicitystudio/v4/developer/toolchains/gnu_arm/7.2_2017q4/bin/../lib/gcc/arm-none-eabi/7.2.1/../../../../arm-none-eabi/lib/thumb/v7-m\libc_nano.a(lib_a-stdio.o)
                0x00004d3a                __sseek
 .text.__sclose
                0x00004d5e        0x8 c:/siliconlabs/simplicitystudio/v4/developer/toolchains/gnu_arm/7.2_2017q4/bin/../lib/gcc/arm-none-eabi/7.2.1/../../../../arm-none-eabi/lib/thumb/v7-m\libc_nano.a(lib_a-stdio.o)
                0x00004d5e                __sclose
 *fill*         0x00004d66        0x2 
 .text.__swbuf_r
                0x00004d68       0xa4 c:/siliconlabs/simplicitystudio/v4/developer/toolchains/gnu_arm/7.2_2017q4/bin/../lib/gcc/arm-none-eabi/7.2.1/../../../../arm-none-eabi/lib/thumb/v7-m\libc_nano.a(lib_a-wbuf.o)
                0x00004d68                __swbuf_r
 .text._write_r
                0x00004e0c       0x24 c:/siliconlabs/simplicitystudio/v4/developer/toolchains/gnu_arm/7.2_2017q4/bin/../lib/gcc/arm-none-eabi/7.2.1/../../../../arm-none-eabi/lib/thumb/v7-m\libc_nano.a(lib_a-writer.o)
                0x00004e0c                _write_r
 .text.__swsetup_r
                0x00004e30       0xdc c:/siliconlabs/simplicitystudio/v4/developer/toolchains/gnu_arm/7.2_2017q4/bin/../lib/gcc/arm-none-eabi/7.2.1/../../../../arm-none-eabi/lib/thumb/v7-m\libc_nano.a(lib_a-wsetup.o)
                0x00004e30                __swsetup_r
 .text._close_r
                0x00004f0c       0x20 c:/siliconlabs/simplicitystudio/v4/developer/toolchains/gnu_arm/7.2_2017q4/bin/../lib/gcc/arm-none-eabi/7.2.1/../../../../arm-none-eabi/lib/thumb/v7-m\libc_nano.a(lib_a-closer.o)
                0x00004f0c                _close_r
 .text.__sflush_r
                0x00004f2c      0x10c c:/siliconlabs/simplicitystudio/v4/developer/toolchains/gnu_arm/7.2_2017q4/bin/../lib/gcc/arm-none-eabi/7.2.1/../../../../arm-none-eabi/lib/thumb/v7-m\libc_nano.a(lib_a-fflush.o)
                0x00004f2c                __sflush_r
 .text._fflush_r
                0x00005038       0x54 c:/siliconlabs/simplicitystudio/v4/developer/toolchains/gnu_arm/7.2_2017q4/bin/../lib/gcc/arm-none-eabi/7.2.1/../../../../arm-none-eabi/lib/thumb/v7-m\libc_nano.a(lib_a-fflush.o)
                0x00005038                _fflush_r
 .text._lseek_r
                0x0000508c       0x24 c:/siliconlabs/simplicitystudio/v4/developer/toolchains/gnu_arm/7.2_2017q4/bin/../lib/gcc/arm-none-eabi/7.2.1/../../../../arm-none-eabi/lib/thumb/v7-m\libc_nano.a(lib_a-lseekr.o)
                0x0000508c                _lseek_r
 .text.__swhatbuf_r
                0x000050b0       0x48 c:/siliconlabs/simplicitystudio/v4/developer/toolchains/gnu_arm/7.2_2017q4/bin/../lib/gcc/arm-none-eabi/7.2.1/../../../../arm-none-eabi/lib/thumb/v7-m\libc_nano.a(lib_a-makebuf.o)
                0x000050b0                __swhatbuf_r
 .text.__smakebuf_r
                0x000050f8       0x80 c:/siliconlabs/simplicitystudio/v4/developer/toolchains/gnu_arm/7.2_2017q4/bin/../lib/gcc/arm-none-eabi/7.2.1/../../../../arm-none-eabi/lib/thumb/v7-m\libc_nano.a(lib_a-makebuf.o)
                0x000050f8                __smakebuf_r
 .text.memchr   0x00005178       0x1c c:/siliconlabs/simplicitystudio/v4/developer/toolchains/gnu_arm/7.2_2017q4/bin/../lib/gcc/arm-none-eabi/7.2.1/../../../../arm-none-eabi/lib/thumb/v7-m\libc_nano.a(lib_a-memchr-stub.o)
                0x00005178                memchr
 .text.__malloc_lock
                0x00005194        0x2 c:/siliconlabs/simplicitystudio/v4/developer/toolchains/gnu_arm/7.2_2017q4/bin/../lib/gcc/arm-none-eabi/7.2.1/../../../../arm-none-eabi/lib/thumb/v7-m\libc_nano.a(lib_a-mlock.o)
                0x00005194                __malloc_lock
 .text.__malloc_unlock
                0x00005196        0x2 c:/siliconlabs/simplicitystudio/v4/developer/toolchains/gnu_arm/7.2_2017q4/bin/../lib/gcc/arm-none-eabi/7.2.1/../../../../arm-none-eabi/lib/thumb/v7-m\libc_nano.a(lib_a-mlock.o)
                0x00005196                __malloc_unlock
 .text._free_r  0x00005198       0x98 c:/siliconlabs/simplicitystudio/v4/developer/toolchains/gnu_arm/7.2_2017q4/bin/../lib/gcc/arm-none-eabi/7.2.1/../../../../arm-none-eabi/lib/thumb/v7-m\libc_nano.a(lib_a-nano-freer.o)
                0x00005198                _free_r
 .text._read_r  0x00005230       0x24 c:/siliconlabs/simplicitystudio/v4/developer/toolchains/gnu_arm/7.2_2017q4/bin/../lib/gcc/arm-none-eabi/7.2.1/../../../../arm-none-eabi/lib/thumb/v7-m\libc_nano.a(lib_a-readr.o)
                0x00005230                _read_r
 .text._fstat_r
                0x00005254       0x24 c:/siliconlabs/simplicitystudio/v4/developer/toolchains/gnu_arm/7.2_2017q4/bin/../lib/gcc/arm-none-eabi/7.2.1/../../../../arm-none-eabi/lib/thumb/v7-m\libc_nano.a(lib_a-fstatr.o)
                0x00005254                _fstat_r
 .text._isatty_r
                0x00005278       0x20 c:/siliconlabs/simplicitystudio/v4/developer/toolchains/gnu_arm/7.2_2017q4/bin/../lib/gcc/arm-none-eabi/7.2.1/../../../../arm-none-eabi/lib/thumb/v7-m\libc_nano.a(lib_a-isattyr.o)
                0x00005278                _isatty_r
 .text._close   0x00005298       0x10 c:/siliconlabs/simplicitystudio/v4/developer/toolchains/gnu_arm/7.2_2017q4/bin/../lib/gcc/arm-none-eabi/7.2.1/../../../../arm-none-eabi/lib/thumb/v7-m\libnosys.a(close.o)
                0x00005298                _close
 .text._fstat   0x000052a8       0x10 c:/siliconlabs/simplicitystudio/v4/developer/toolchains/gnu_arm/7.2_2017q4/bin/../lib/gcc/arm-none-eabi/7.2.1/../../../../arm-none-eabi/lib/thumb/v7-m\libnosys.a(fstat.o)
                0x000052a8                _fstat
 .text._isatty  0x000052b8       0x10 c:/siliconlabs/simplicitystudio/v4/developer/toolchains/gnu_arm/7.2_2017q4/bin/../lib/gcc/arm-none-eabi/7.2.1/../../../../arm-none-eabi/lib/thumb/v7-m\libnosys.a(isatty.o)
                0x000052b8                _isatty
 .text._lseek   0x000052c8       0x10 c:/siliconlabs/simplicitystudio/v4/developer/toolchains/gnu_arm/7.2_2017q4/bin/../lib/gcc/arm-none-eabi/7.2.1/../../../../arm-none-eabi/lib/thumb/v7-m\libnosys.a(lseek.o)
                0x000052c8                _lseek
 .text._read    0x000052d8       0x10 c:/siliconlabs/simplicitystudio/v4/developer/toolchains/gnu_arm/7.2_2017q4/bin/../lib/gcc/arm-none-eabi/7.2.1/../../../../arm-none-eabi/lib/thumb/v7-m\libnosys.a(read.o)
                0x000052d8                _read
 .text._sbrk    0x000052e8       0x1c c:/siliconlabs/simplicitystudio/v4/developer/toolchains/gnu_arm/7.2_2017q4/bin/../lib/gcc/arm-none-eabi/7.2.1/../../../../arm-none-eabi/lib/thumb/v7-m\libnosys.a(sbrk.o)
                0x000052e8                _sbrk
 .text._exit    0x00005304        0x4 c:/siliconlabs/simplicitystudio/v4/developer/toolchains/gnu_arm/7.2_2017q4/bin/../lib/gcc/arm-none-eabi/7.2.1/../../../../arm-none-eabi/lib/thumb/v7-m\libnosys.a(_exit.o)
                0x00005304                _exit
 *(.init)
 .init          0x00005308        0x4 c:/siliconlabs/simplicitystudio/v4/developer/toolchains/gnu_arm/7.2_2017q4/bin/../lib/gcc/arm-none-eabi/7.2.1/thumb/v7-m/crti.o
                0x00005308                _init
 .init          0x0000530c        0x8 c:/siliconlabs/simplicitystudio/v4/developer/toolchains/gnu_arm/7.2_2017q4/bin/../lib/gcc/arm-none-eabi/7.2.1/thumb/v7-m/crtn.o
 *(.fini)
 .fini          0x00005314        0x4 c:/siliconlabs/simplicitystudio/v4/developer/toolchains/gnu_arm/7.2_2017q4/bin/../lib/gcc/arm-none-eabi/7.2.1/thumb/v7-m/crti.o
                0x00005314                _fini
 .fini          0x00005318        0x8 c:/siliconlabs/simplicitystudio/v4/developer/toolchains/gnu_arm/7.2_2017q4/bin/../lib/gcc/arm-none-eabi/7.2.1/thumb/v7-m/crtn.o
 *crtbegin.o(.ctors)
 *crtbegin?.o(.ctors)
 *(EXCLUDE_FILE(*crtend.o *crtend?.o) .ctors)
 *(SORT_BY_NAME(.ctors.*))
 *(.ctors)
 *crtbegin.o(.dtors)
 *crtbegin?.o(.dtors)
 *(EXCLUDE_FILE(*crtend.o *crtend?.o) .dtors)
 *(SORT_BY_NAME(.dtors.*))
 *(.dtors)
 *(.rodata*)
 .rodata.ledArray
                0x00005320       0x10 ./BSP/bsp_stk_leds.o
 .rodata        0x00005330       0x1d ./FreeRTOS/efm32gg/heap_1.o
 *fill*         0x0000534d        0x3 
 .rodata        0x00005350       0x1f ./FreeRTOS/efm32gg/port_gcc.o
 *fill*         0x0000536f        0x1 
 .rodata        0x00005370       0x1c ./FreeRTOS/efm32gg/queue.o
 .rodata        0x0000538c       0x21 ./FreeRTOS/efm32gg/tasks.o
 *fill*         0x000053ad        0x3 
 .rodata        0x000053b0       0x2d ./FreeRTOS/efm32gg/timers.o
 *fill*         0x000053dd        0x3 
 .rodata        0x000053e0       0x14 ./emlib/em_burtc.o
 .rodata        0x000053f4       0xde ./emlib/em_cmu.o
 *fill*         0x000054d2        0x2 
 .rodata        0x000054d4       0x77 ./emlib/em_gpio.o
 *fill*         0x0000554b        0x1 
 .rodata.i2cNSum
                0x0000554c        0x4 ./emlib/em_i2c.o
 .rodata        0x00005550       0x12 ./emlib/em_i2c.o
 *fill*         0x00005562        0x2 
 .rodata        0x00005564       0x15 ./emlib/em_system.o
 *fill*         0x00005579        0x3 
 .rodata        0x0000557c       0x14 ./src/low_power_tick_management.o
 .rodata        0x00005590       0x40 ./src/main.o
 .rodata        0x000055d0       0x61 ./src/my_i2c.o
 *fill*         0x00005631        0x3 
 .rodata._global_impure_ptr
                0x00005634        0x4 c:/siliconlabs/simplicitystudio/v4/developer/toolchains/gnu_arm/7.2_2017q4/bin/../lib/gcc/arm-none-eabi/7.2.1/../../../../arm-none-eabi/lib/thumb/v7-m\libc_nano.a(lib_a-impure.o)
                0x00005634                _global_impure_ptr
 .rodata.__sf_fake_stderr
                0x00005638       0x20 c:/siliconlabs/simplicitystudio/v4/developer/toolchains/gnu_arm/7.2_2017q4/bin/../lib/gcc/arm-none-eabi/7.2.1/../../../../arm-none-eabi/lib/thumb/v7-m\libc_nano.a(lib_a-findfp.o)
                0x00005638                __sf_fake_stderr
 .rodata.__sf_fake_stdin
                0x00005658       0x20 c:/siliconlabs/simplicitystudio/v4/developer/toolchains/gnu_arm/7.2_2017q4/bin/../lib/gcc/arm-none-eabi/7.2.1/../../../../arm-none-eabi/lib/thumb/v7-m\libc_nano.a(lib_a-findfp.o)
                0x00005658                __sf_fake_stdin
 .rodata.__sf_fake_stdout
                0x00005678       0x20 c:/siliconlabs/simplicitystudio/v4/developer/toolchains/gnu_arm/7.2_2017q4/bin/../lib/gcc/arm-none-eabi/7.2.1/../../../../arm-none-eabi/lib/thumb/v7-m\libc_nano.a(lib_a-findfp.o)
                0x00005678                __sf_fake_stdout
 .rodata._vfprintf_r.str1.1
                0x00005698       0x11 c:/siliconlabs/simplicitystudio/v4/developer/toolchains/gnu_arm/7.2_2017q4/bin/../lib/gcc/arm-none-eabi/7.2.1/../../../../arm-none-eabi/lib/thumb/v7-m\libc_nano.a(lib_a-nano-vfprintf.o)
 .rodata._printf_i.str1.1
                0x000056a9       0x22 c:/siliconlabs/simplicitystudio/v4/developer/toolchains/gnu_arm/7.2_2017q4/bin/../lib/gcc/arm-none-eabi/7.2.1/../../../../arm-none-eabi/lib/thumb/v7-m\libc_nano.a(lib_a-nano-vfprintf_i.o)
 *(.eh_frame*)
 *fill*         0x000056cb        0x1 
 .eh_frame      0x000056cc        0x0 c:/siliconlabs/simplicitystudio/v4/developer/toolchains/gnu_arm/7.2_2017q4/bin/../lib/gcc/arm-none-eabi/7.2.1/thumb/v7-m/crtbegin.o
 .eh_frame      0x000056cc        0x4 c:/siliconlabs/simplicitystudio/v4/developer/toolchains/gnu_arm/7.2_2017q4/bin/../lib/gcc/arm-none-eabi/7.2.1/thumb/v7-m/crtend.o

.glue_7         0x000056d0        0x0
 .glue_7        0x000056d0        0x0 linker stubs

.glue_7t        0x000056d0        0x0
 .glue_7t       0x000056d0        0x0 linker stubs

.vfp11_veneer   0x000056d0        0x0
 .vfp11_veneer  0x000056d0        0x0 linker stubs

.v4_bx          0x000056d0        0x0
 .v4_bx         0x000056d0        0x0 linker stubs

.iplt           0x000056d0        0x0
 .iplt          0x000056d0        0x0 c:/siliconlabs/simplicitystudio/v4/developer/toolchains/gnu_arm/7.2_2017q4/bin/../lib/gcc/arm-none-eabi/7.2.1/thumb/v7-m/crtbegin.o

.ARM.extab
 *(.ARM.extab* .gnu.linkonce.armextab.*)
                0x000056d0                __exidx_start = .

.ARM.exidx      0x000056d0        0x8
 *(.ARM.exidx* .gnu.linkonce.armexidx.*)
 .ARM.exidx     0x000056d0        0x8 c:/siliconlabs/simplicitystudio/v4/developer/toolchains/gnu_arm/7.2_2017q4/bin/../lib/gcc/arm-none-eabi/7.2.1/../../../../arm-none-eabi/lib/thumb/v7-m/crt0.o
                0x000056d8                __exidx_end = .
                0x000056d8                __etext = .

.rel.dyn        0x000056d8        0x0
 .rel.iplt      0x000056d8        0x0 c:/siliconlabs/simplicitystudio/v4/developer/toolchains/gnu_arm/7.2_2017q4/bin/../lib/gcc/arm-none-eabi/7.2.1/thumb/v7-m/crtbegin.o

.data           0x20000000       0x7c load address 0x000056d8
                0x20000000                __data_start__ = .
 *(vtable)
 *(.data*)
 .data.SystemHFXOClock
                0x20000000        0x4 ./CMSIS/EFM32GG/system_efm32gg.o
 .data.SystemLFXOClock
                0x20000004        0x4 ./CMSIS/EFM32GG/system_efm32gg.o
 .data.SystemCoreClock
                0x20000008        0x4 ./CMSIS/EFM32GG/system_efm32gg.o
                0x20000008                SystemCoreClock
 .data.uxCriticalNesting
                0x2000000c        0x4 ./FreeRTOS/efm32gg/port_gcc.o
 .data._impure_ptr
                0x20000010        0x4 c:/siliconlabs/simplicitystudio/v4/developer/toolchains/gnu_arm/7.2_2017q4/bin/../lib/gcc/arm-none-eabi/7.2.1/../../../../arm-none-eabi/lib/thumb/v7-m\libc_nano.a(lib_a-impure.o)
                0x20000010                _impure_ptr
 .data.impure_data
                0x20000014       0x60 c:/siliconlabs/simplicitystudio/v4/developer/toolchains/gnu_arm/7.2_2017q4/bin/../lib/gcc/arm-none-eabi/7.2.1/../../../../arm-none-eabi/lib/thumb/v7-m\libc_nano.a(lib_a-impure.o)
                0x20000074                . = ALIGN (0x4)
                [!provide]                PROVIDE (__ram_func_section_start, .)
 *(.ram)
                [!provide]                PROVIDE (__ram_func_section_end, .)
                0x20000074                . = ALIGN (0x4)
                0x20000074                PROVIDE (__preinit_array_start, .)
 *(.preinit_array)
                0x20000074                PROVIDE (__preinit_array_end, .)
                0x20000074                . = ALIGN (0x4)
                0x20000074                PROVIDE (__init_array_start, .)
 *(SORT_BY_NAME(.init_array.*))
 *(.init_array)
 .init_array    0x20000074        0x4 c:/siliconlabs/simplicitystudio/v4/developer/toolchains/gnu_arm/7.2_2017q4/bin/../lib/gcc/arm-none-eabi/7.2.1/thumb/v7-m/crtbegin.o
                0x20000078                PROVIDE (__init_array_end, .)
                0x20000078                . = ALIGN (0x4)
                [!provide]                PROVIDE (__fini_array_start, .)
 *(SORT_BY_NAME(.fini_array.*))
 *(.fini_array)
 .fini_array    0x20000078        0x4 c:/siliconlabs/simplicitystudio/v4/developer/toolchains/gnu_arm/7.2_2017q4/bin/../lib/gcc/arm-none-eabi/7.2.1/thumb/v7-m/crtbegin.o
                [!provide]                PROVIDE (__fini_array_end, .)
 *(.jcr*)
                0x2000007c                . = ALIGN (0x4)
                0x2000007c                __data_end__ = .

.igot.plt       0x2000007c        0x0 load address 0x00005754
 .igot.plt      0x2000007c        0x0 c:/siliconlabs/simplicitystudio/v4/developer/toolchains/gnu_arm/7.2_2017q4/bin/../lib/gcc/arm-none-eabi/7.2.1/thumb/v7-m/crtbegin.o

.bss            0x2000007c     0x24ec load address 0x00005754
                0x2000007c                . = ALIGN (0x4)
                0x2000007c                __bss_start__ = .
 *(.bss*)
 .bss           0x2000007c       0x1c c:/siliconlabs/simplicitystudio/v4/developer/toolchains/gnu_arm/7.2_2017q4/bin/../lib/gcc/arm-none-eabi/7.2.1/thumb/v7-m/crtbegin.o
 .bss.ucHeap    0x20000098     0x2328 ./FreeRTOS/efm32gg/heap_1.o
 .bss.xNextFreeByte
                0x200023c0        0x4 ./FreeRTOS/efm32gg/heap_1.o
 .bss.pucAlignedHeap.4479
                0x200023c4        0x4 ./FreeRTOS/efm32gg/heap_1.o
 .bss.ucMaxSysCallPriority
                0x200023c8        0x1 ./FreeRTOS/efm32gg/port_gcc.o
 *fill*         0x200023c9        0x3 
 .bss.ulMaxPRIGROUPValue
                0x200023cc        0x4 ./FreeRTOS/efm32gg/port_gcc.o
 .bss.pxCurrentTCB
                0x200023d0        0x4 ./FreeRTOS/efm32gg/tasks.o
                0x200023d0                pxCurrentTCB
 .bss.pxReadyTasksLists
                0x200023d4       0x3c ./FreeRTOS/efm32gg/tasks.o
 .bss.xDelayedTaskList1
                0x20002410       0x14 ./FreeRTOS/efm32gg/tasks.o
 .bss.xDelayedTaskList2
                0x20002424       0x14 ./FreeRTOS/efm32gg/tasks.o
 .bss.pxDelayedTaskList
                0x20002438        0x4 ./FreeRTOS/efm32gg/tasks.o
 .bss.pxOverflowDelayedTaskList
                0x2000243c        0x4 ./FreeRTOS/efm32gg/tasks.o
 .bss.xPendingReadyList
                0x20002440       0x14 ./FreeRTOS/efm32gg/tasks.o
 .bss.xTasksWaitingTermination
                0x20002454       0x14 ./FreeRTOS/efm32gg/tasks.o
 .bss.uxDeletedTasksWaitingCleanUp
                0x20002468        0x4 ./FreeRTOS/efm32gg/tasks.o
 .bss.xSuspendedTaskList
                0x2000246c       0x14 ./FreeRTOS/efm32gg/tasks.o
 .bss.uxCurrentNumberOfTasks
                0x20002480        0x4 ./FreeRTOS/efm32gg/tasks.o
 .bss.xTickCount
                0x20002484        0x4 ./FreeRTOS/efm32gg/tasks.o
 .bss.uxTopReadyPriority
                0x20002488        0x4 ./FreeRTOS/efm32gg/tasks.o
 .bss.xSchedulerRunning
                0x2000248c        0x4 ./FreeRTOS/efm32gg/tasks.o
 .bss.uxPendedTicks
                0x20002490        0x4 ./FreeRTOS/efm32gg/tasks.o
 .bss.xYieldPending
                0x20002494        0x4 ./FreeRTOS/efm32gg/tasks.o
 .bss.xNumOfOverflows
                0x20002498        0x4 ./FreeRTOS/efm32gg/tasks.o
 .bss.uxTaskNumber
                0x2000249c        0x4 ./FreeRTOS/efm32gg/tasks.o
 .bss.xNextTaskUnblockTime
                0x200024a0        0x4 ./FreeRTOS/efm32gg/tasks.o
 .bss.xIdleTaskHandle
                0x200024a4        0x4 ./FreeRTOS/efm32gg/tasks.o
 .bss.uxSchedulerSuspended
                0x200024a8        0x4 ./FreeRTOS/efm32gg/tasks.o
 .bss.xActiveTimerList1
                0x200024ac       0x14 ./FreeRTOS/efm32gg/timers.o
 .bss.xActiveTimerList2
                0x200024c0       0x14 ./FreeRTOS/efm32gg/timers.o
 .bss.pxCurrentTimerList
                0x200024d4        0x4 ./FreeRTOS/efm32gg/timers.o
 .bss.pxOverflowTimerList
                0x200024d8        0x4 ./FreeRTOS/efm32gg/timers.o
 .bss.xTimerQueue
                0x200024dc        0x4 ./FreeRTOS/efm32gg/timers.o
 .bss.xTimerTaskHandle
                0x200024e0        0x4 ./FreeRTOS/efm32gg/timers.o
 .bss.xLastTime.4762
                0x200024e4        0x4 ./FreeRTOS/efm32gg/timers.o
 .bss.i2cTransfer
                0x200024e8       0x18 ./emlib/em_i2c.o
 .bss.parametersToTask1.7201
                0x20002500        0x4 ./src/main.o
 .bss.__malloc_free_list
                0x20002504        0x4 c:/siliconlabs/simplicitystudio/v4/developer/toolchains/gnu_arm/7.2_2017q4/bin/../lib/gcc/arm-none-eabi/7.2.1/../../../../arm-none-eabi/lib/thumb/v7-m\libc_nano.a(lib_a-nano-mallocr.o)
                0x20002504                __malloc_free_list
 .bss.__malloc_sbrk_start
                0x20002508        0x4 c:/siliconlabs/simplicitystudio/v4/developer/toolchains/gnu_arm/7.2_2017q4/bin/../lib/gcc/arm-none-eabi/7.2.1/../../../../arm-none-eabi/lib/thumb/v7-m\libc_nano.a(lib_a-nano-mallocr.o)
                0x20002508                __malloc_sbrk_start
 .bss.heap_end.4102
                0x2000250c        0x4 c:/siliconlabs/simplicitystudio/v4/developer/toolchains/gnu_arm/7.2_2017q4/bin/../lib/gcc/arm-none-eabi/7.2.1/../../../../arm-none-eabi/lib/thumb/v7-m\libnosys.a(sbrk.o)
 *(COMMON)
 COMMON         0x20002510       0x50 ./FreeRTOS/efm32gg/queue.o
                0x20002510                xQueueRegistry
 COMMON         0x20002560        0x4 ./src/my_i2c.o
                0x20002560                xSemaphore
 COMMON         0x20002564        0x4 c:/siliconlabs/simplicitystudio/v4/developer/toolchains/gnu_arm/7.2_2017q4/bin/../lib/gcc/arm-none-eabi/7.2.1/../../../../arm-none-eabi/lib/thumb/v7-m\libc_nano.a(lib_a-reent.o)
                0x20002564                errno
                0x20002568                . = ALIGN (0x4)
                0x20002568                __bss_end__ = .

.heap           0x20002568      0xc00
                0x20002568                __HeapBase = .
                0x20002568                __end__ = .
                0x20002568                end = __end__
                0x20002568                _end = __end__
 *(.heap*)
 .heap          0x20002568      0xc00 ./CMSIS/EFM32GG/startup_gcc_efm32gg.o
                0x20003168                __HeapLimit = .

.stack_dummy    0x20002568      0x400
 *(.stack*)
 .stack         0x20002568      0x400 ./CMSIS/EFM32GG/startup_gcc_efm32gg.o
                0x20020000                __StackTop = (ORIGIN (RAM) + LENGTH (RAM))
                0x2001fc00                __StackLimit = (__StackTop - SIZEOF (.stack_dummy))
                0x20020000                PROVIDE (__stack, __StackTop)
                0x00000001                ASSERT ((__StackLimit >= __HeapLimit), region RAM overflowed with stack)
                0x00000001                ASSERT ((LENGTH (FLASH) >= (__etext + SIZEOF (.data))), FLASH memory overflowed !)
OUTPUT(EFM32_03.axf elf32-littlearm)

.ARM.attributes
                0x00000000       0x29
 .ARM.attributes
                0x00000000       0x1d c:/siliconlabs/simplicitystudio/v4/developer/toolchains/gnu_arm/7.2_2017q4/bin/../lib/gcc/arm-none-eabi/7.2.1/thumb/v7-m/crti.o
 .ARM.attributes
                0x0000001d       0x2d c:/siliconlabs/simplicitystudio/v4/developer/toolchains/gnu_arm/7.2_2017q4/bin/../lib/gcc/arm-none-eabi/7.2.1/thumb/v7-m/crtbegin.o
 .ARM.attributes
                0x0000004a       0x1b c:/siliconlabs/simplicitystudio/v4/developer/toolchains/gnu_arm/7.2_2017q4/bin/../lib/gcc/arm-none-eabi/7.2.1/../../../../arm-none-eabi/lib/thumb/v7-m/crt0.o
 .ARM.attributes
                0x00000065       0x33 ./BSP/bsp_stk_leds.o
 .ARM.attributes
                0x00000098       0x33 ./BSP/bsp_trace.o
 .ARM.attributes
                0x000000cb       0x1b ./CMSIS/EFM32GG/startup_gcc_efm32gg.o
 .ARM.attributes
                0x000000e6       0x33 ./CMSIS/EFM32GG/system_efm32gg.o
 .ARM.attributes
                0x00000119       0x33 ./FreeRTOS/efm32gg/heap_1.o
 .ARM.attributes
                0x0000014c       0x33 ./FreeRTOS/efm32gg/list.o
 .ARM.attributes
                0x0000017f       0x33 ./FreeRTOS/efm32gg/port_gcc.o
 .ARM.attributes
                0x000001b2       0x33 ./FreeRTOS/efm32gg/queue.o
 .ARM.attributes
                0x000001e5       0x33 ./FreeRTOS/efm32gg/tasks.o
 .ARM.attributes
                0x00000218       0x33 ./FreeRTOS/efm32gg/timers.o
 .ARM.attributes
                0x0000024b       0x33 ./emlib/em_assert.o
 .ARM.attributes
                0x0000027e       0x33 ./emlib/em_burtc.o
 .ARM.attributes
                0x000002b1       0x33 ./emlib/em_cmu.o
 .ARM.attributes
                0x000002e4       0x33 ./emlib/em_gpio.o
 .ARM.attributes
                0x00000317       0x33 ./emlib/em_i2c.o
 .ARM.attributes
                0x0000034a       0x33 ./emlib/em_rmu.o
 .ARM.attributes
                0x0000037d       0x33 ./emlib/em_system.o
 .ARM.attributes
                0x000003b0       0x33 ./src/low_power_tick_management.o
 .ARM.attributes
                0x000003e3       0x33 ./src/main.o
 .ARM.attributes
                0x00000416       0x33 ./src/my_i2c.o
 .ARM.attributes
                0x00000449       0x2d c:/siliconlabs/simplicitystudio/v4/developer/toolchains/gnu_arm/7.2_2017q4/bin/../lib/gcc/arm-none-eabi/7.2.1/../../../../arm-none-eabi/lib/thumb/v7-m\libc_nano.a(lib_a-exit.o)
 .ARM.attributes
                0x00000476       0x2d c:/siliconlabs/simplicitystudio/v4/developer/toolchains/gnu_arm/7.2_2017q4/bin/../lib/gcc/arm-none-eabi/7.2.1/../../../../arm-none-eabi/lib/thumb/v7-m\libc_nano.a(lib_a-impure.o)
 .ARM.attributes
                0x000004a3       0x2d c:/siliconlabs/simplicitystudio/v4/developer/toolchains/gnu_arm/7.2_2017q4/bin/../lib/gcc/arm-none-eabi/7.2.1/../../../../arm-none-eabi/lib/thumb/v7-m\libc_nano.a(lib_a-init.o)
 .ARM.attributes
                0x000004d0       0x2d c:/siliconlabs/simplicitystudio/v4/developer/toolchains/gnu_arm/7.2_2017q4/bin/../lib/gcc/arm-none-eabi/7.2.1/../../../../arm-none-eabi/lib/thumb/v7-m\libc_nano.a(lib_a-memcpy-stub.o)
 .ARM.attributes
                0x000004fd       0x2d c:/siliconlabs/simplicitystudio/v4/developer/toolchains/gnu_arm/7.2_2017q4/bin/../lib/gcc/arm-none-eabi/7.2.1/../../../../arm-none-eabi/lib/thumb/v7-m\libc_nano.a(lib_a-memset.o)
 .ARM.attributes
                0x0000052a       0x2d c:/siliconlabs/simplicitystudio/v4/developer/toolchains/gnu_arm/7.2_2017q4/bin/../lib/gcc/arm-none-eabi/7.2.1/../../../../arm-none-eabi/lib/thumb/v7-m\libc_nano.a(lib_a-printf.o)
 .ARM.attributes
                0x00000557       0x2d c:/siliconlabs/simplicitystudio/v4/developer/toolchains/gnu_arm/7.2_2017q4/bin/../lib/gcc/arm-none-eabi/7.2.1/../../../../arm-none-eabi/lib/thumb/v7-m\libc_nano.a(lib_a-findfp.o)
 .ARM.attributes
                0x00000584       0x2d c:/siliconlabs/simplicitystudio/v4/developer/toolchains/gnu_arm/7.2_2017q4/bin/../lib/gcc/arm-none-eabi/7.2.1/../../../../arm-none-eabi/lib/thumb/v7-m\libc_nano.a(lib_a-fwalk.o)
 .ARM.attributes
                0x000005b1       0x2d c:/siliconlabs/simplicitystudio/v4/developer/toolchains/gnu_arm/7.2_2017q4/bin/../lib/gcc/arm-none-eabi/7.2.1/../../../../arm-none-eabi/lib/thumb/v7-m\libc_nano.a(lib_a-nano-mallocr.o)
 .ARM.attributes
                0x000005de       0x2d c:/siliconlabs/simplicitystudio/v4/developer/toolchains/gnu_arm/7.2_2017q4/bin/../lib/gcc/arm-none-eabi/7.2.1/../../../../arm-none-eabi/lib/thumb/v7-m\libc_nano.a(lib_a-nano-vfprintf.o)
 .ARM.attributes
                0x0000060b       0x2d c:/siliconlabs/simplicitystudio/v4/developer/toolchains/gnu_arm/7.2_2017q4/bin/../lib/gcc/arm-none-eabi/7.2.1/../../../../arm-none-eabi/lib/thumb/v7-m\libc_nano.a(lib_a-nano-vfprintf_i.o)
 .ARM.attributes
                0x00000638       0x2d c:/siliconlabs/simplicitystudio/v4/developer/toolchains/gnu_arm/7.2_2017q4/bin/../lib/gcc/arm-none-eabi/7.2.1/../../../../arm-none-eabi/lib/thumb/v7-m\libc_nano.a(lib_a-sbrkr.o)
 .ARM.attributes
                0x00000665       0x2d c:/siliconlabs/simplicitystudio/v4/developer/toolchains/gnu_arm/7.2_2017q4/bin/../lib/gcc/arm-none-eabi/7.2.1/../../../../arm-none-eabi/lib/thumb/v7-m\libc_nano.a(lib_a-stdio.o)
 .ARM.attributes
                0x00000692       0x2d c:/siliconlabs/simplicitystudio/v4/developer/toolchains/gnu_arm/7.2_2017q4/bin/../lib/gcc/arm-none-eabi/7.2.1/../../../../arm-none-eabi/lib/thumb/v7-m\libc_nano.a(lib_a-wbuf.o)
 .ARM.attributes
                0x000006bf       0x2d c:/siliconlabs/simplicitystudio/v4/developer/toolchains/gnu_arm/7.2_2017q4/bin/../lib/gcc/arm-none-eabi/7.2.1/../../../../arm-none-eabi/lib/thumb/v7-m\libc_nano.a(lib_a-writer.o)
 .ARM.attributes
                0x000006ec       0x2d c:/siliconlabs/simplicitystudio/v4/developer/toolchains/gnu_arm/7.2_2017q4/bin/../lib/gcc/arm-none-eabi/7.2.1/../../../../arm-none-eabi/lib/thumb/v7-m\libc_nano.a(lib_a-wsetup.o)
 .ARM.attributes
                0x00000719       0x2d c:/siliconlabs/simplicitystudio/v4/developer/toolchains/gnu_arm/7.2_2017q4/bin/../lib/gcc/arm-none-eabi/7.2.1/../../../../arm-none-eabi/lib/thumb/v7-m\libc_nano.a(lib_a-closer.o)
 .ARM.attributes
                0x00000746       0x2d c:/siliconlabs/simplicitystudio/v4/developer/toolchains/gnu_arm/7.2_2017q4/bin/../lib/gcc/arm-none-eabi/7.2.1/../../../../arm-none-eabi/lib/thumb/v7-m\libc_nano.a(lib_a-fflush.o)
 .ARM.attributes
                0x00000773       0x2d c:/siliconlabs/simplicitystudio/v4/developer/toolchains/gnu_arm/7.2_2017q4/bin/../lib/gcc/arm-none-eabi/7.2.1/../../../../arm-none-eabi/lib/thumb/v7-m\libc_nano.a(lib_a-lseekr.o)
 .ARM.attributes
                0x000007a0       0x2d c:/siliconlabs/simplicitystudio/v4/developer/toolchains/gnu_arm/7.2_2017q4/bin/../lib/gcc/arm-none-eabi/7.2.1/../../../../arm-none-eabi/lib/thumb/v7-m\libc_nano.a(lib_a-makebuf.o)
 .ARM.attributes
                0x000007cd       0x2d c:/siliconlabs/simplicitystudio/v4/developer/toolchains/gnu_arm/7.2_2017q4/bin/../lib/gcc/arm-none-eabi/7.2.1/../../../../arm-none-eabi/lib/thumb/v7-m\libc_nano.a(lib_a-memchr-stub.o)
 .ARM.attributes
                0x000007fa       0x2d c:/siliconlabs/simplicitystudio/v4/developer/toolchains/gnu_arm/7.2_2017q4/bin/../lib/gcc/arm-none-eabi/7.2.1/../../../../arm-none-eabi/lib/thumb/v7-m\libc_nano.a(lib_a-mlock.o)
 .ARM.attributes
                0x00000827       0x2d c:/siliconlabs/simplicitystudio/v4/developer/toolchains/gnu_arm/7.2_2017q4/bin/../lib/gcc/arm-none-eabi/7.2.1/../../../../arm-none-eabi/lib/thumb/v7-m\libc_nano.a(lib_a-nano-freer.o)
 .ARM.attributes
                0x00000854       0x2d c:/siliconlabs/simplicitystudio/v4/developer/toolchains/gnu_arm/7.2_2017q4/bin/../lib/gcc/arm-none-eabi/7.2.1/../../../../arm-none-eabi/lib/thumb/v7-m\libc_nano.a(lib_a-readr.o)
 .ARM.attributes
                0x00000881       0x2d c:/siliconlabs/simplicitystudio/v4/developer/toolchains/gnu_arm/7.2_2017q4/bin/../lib/gcc/arm-none-eabi/7.2.1/../../../../arm-none-eabi/lib/thumb/v7-m\libc_nano.a(lib_a-reent.o)
 .ARM.attributes
                0x000008ae       0x2d c:/siliconlabs/simplicitystudio/v4/developer/toolchains/gnu_arm/7.2_2017q4/bin/../lib/gcc/arm-none-eabi/7.2.1/../../../../arm-none-eabi/lib/thumb/v7-m\libc_nano.a(lib_a-fstatr.o)
 .ARM.attributes
                0x000008db       0x2d c:/siliconlabs/simplicitystudio/v4/developer/toolchains/gnu_arm/7.2_2017q4/bin/../lib/gcc/arm-none-eabi/7.2.1/../../../../arm-none-eabi/lib/thumb/v7-m\libc_nano.a(lib_a-isattyr.o)
 .ARM.attributes
                0x00000908       0x2d c:/siliconlabs/simplicitystudio/v4/developer/toolchains/gnu_arm/7.2_2017q4/bin/../lib/gcc/arm-none-eabi/7.2.1/../../../../arm-none-eabi/lib/thumb/v7-m\libnosys.a(close.o)
 .ARM.attributes
                0x00000935       0x2d c:/siliconlabs/simplicitystudio/v4/developer/toolchains/gnu_arm/7.2_2017q4/bin/../lib/gcc/arm-none-eabi/7.2.1/../../../../arm-none-eabi/lib/thumb/v7-m\libnosys.a(fstat.o)
 .ARM.attributes
                0x00000962       0x2d c:/siliconlabs/simplicitystudio/v4/developer/toolchains/gnu_arm/7.2_2017q4/bin/../lib/gcc/arm-none-eabi/7.2.1/../../../../arm-none-eabi/lib/thumb/v7-m\libnosys.a(isatty.o)
 .ARM.attributes
                0x0000098f       0x2d c:/siliconlabs/simplicitystudio/v4/developer/toolchains/gnu_arm/7.2_2017q4/bin/../lib/gcc/arm-none-eabi/7.2.1/../../../../arm-none-eabi/lib/thumb/v7-m\libnosys.a(lseek.o)
 .ARM.attributes
                0x000009bc       0x2d c:/siliconlabs/simplicitystudio/v4/developer/toolchains/gnu_arm/7.2_2017q4/bin/../lib/gcc/arm-none-eabi/7.2.1/../../../../arm-none-eabi/lib/thumb/v7-m\libnosys.a(read.o)
 .ARM.attributes
                0x000009e9       0x2d c:/siliconlabs/simplicitystudio/v4/developer/toolchains/gnu_arm/7.2_2017q4/bin/../lib/gcc/arm-none-eabi/7.2.1/../../../../arm-none-eabi/lib/thumb/v7-m\libnosys.a(sbrk.o)
 .ARM.attributes
                0x00000a16       0x2d c:/siliconlabs/simplicitystudio/v4/developer/toolchains/gnu_arm/7.2_2017q4/bin/../lib/gcc/arm-none-eabi/7.2.1/../../../../arm-none-eabi/lib/thumb/v7-m\libnosys.a(_exit.o)
 .ARM.attributes
                0x00000a43       0x2d c:/siliconlabs/simplicitystudio/v4/developer/toolchains/gnu_arm/7.2_2017q4/bin/../lib/gcc/arm-none-eabi/7.2.1/thumb/v7-m/crtend.o
 .ARM.attributes
                0x00000a70       0x1d c:/siliconlabs/simplicitystudio/v4/developer/toolchains/gnu_arm/7.2_2017q4/bin/../lib/gcc/arm-none-eabi/7.2.1/thumb/v7-m/crtn.o

.comment        0x00000000       0x7e
 .comment       0x00000000       0x7e ./BSP/bsp_stk_leds.o
                                 0x7f (size before relaxing)
 .comment       0x0000007e       0x7f ./BSP/bsp_trace.o
 .comment       0x0000007e       0x7f ./CMSIS/EFM32GG/system_efm32gg.o
 .comment       0x0000007e       0x7f ./FreeRTOS/efm32gg/heap_1.o
 .comment       0x0000007e       0x7f ./FreeRTOS/efm32gg/list.o
 .comment       0x0000007e       0x7f ./FreeRTOS/efm32gg/port_gcc.o
 .comment       0x0000007e       0x7f ./FreeRTOS/efm32gg/queue.o
 .comment       0x0000007e       0x7f ./FreeRTOS/efm32gg/tasks.o
 .comment       0x0000007e       0x7f ./FreeRTOS/efm32gg/timers.o
 .comment       0x0000007e       0x7f ./emlib/em_assert.o
 .comment       0x0000007e       0x7f ./emlib/em_burtc.o
 .comment       0x0000007e       0x7f ./emlib/em_cmu.o
 .comment       0x0000007e       0x7f ./emlib/em_gpio.o
 .comment       0x0000007e       0x7f ./emlib/em_i2c.o
 .comment       0x0000007e       0x7f ./emlib/em_rmu.o
 .comment       0x0000007e       0x7f ./emlib/em_system.o
 .comment       0x0000007e       0x7f ./src/low_power_tick_management.o
 .comment       0x0000007e       0x7f ./src/main.o
 .comment       0x0000007e       0x7f ./src/my_i2c.o

.debug_info     0x00000000     0xe44a
 .debug_info    0x00000000      0x845 ./BSP/bsp_stk_leds.o
 .debug_info    0x00000845      0xcfd ./BSP/bsp_trace.o
 .debug_info    0x00001542       0x26 ./CMSIS/EFM32GG/startup_gcc_efm32gg.o
 .debug_info    0x00001568      0x7a7 ./CMSIS/EFM32GG/system_efm32gg.o
 .debug_info    0x00001d0f      0xa86 ./FreeRTOS/efm32gg/heap_1.o
 .debug_info    0x00002795      0xbc6 ./FreeRTOS/efm32gg/list.o
 .debug_info    0x0000335b      0x3e1 ./FreeRTOS/efm32gg/port_gcc.o
 .debug_info    0x0000373c     0x179d ./FreeRTOS/efm32gg/queue.o
 .debug_info    0x00004ed9     0x1f35 ./FreeRTOS/efm32gg/tasks.o
 .debug_info    0x00006e0e     0x12b8 ./FreeRTOS/efm32gg/timers.o
 .debug_info    0x000080c6       0x7e ./emlib/em_assert.o
 .debug_info    0x00008144      0x6b5 ./emlib/em_burtc.o
 .debug_info    0x000087f9     0x1624 ./emlib/em_cmu.o
 .debug_info    0x00009e1d      0x6f4 ./emlib/em_gpio.o
 .debug_info    0x0000a511      0x970 ./emlib/em_i2c.o
 .debug_info    0x0000ae81      0x532 ./emlib/em_rmu.o
 .debug_info    0x0000b3b3      0x2d6 ./emlib/em_system.o
 .debug_info    0x0000b689      0xbd4 ./src/low_power_tick_management.o
 .debug_info    0x0000c25d      0xe8d ./src/main.o
 .debug_info    0x0000d0ea     0x1360 ./src/my_i2c.o

.debug_abbrev   0x00000000     0x28c0
 .debug_abbrev  0x00000000      0x1eb ./BSP/bsp_stk_leds.o
 .debug_abbrev  0x000001eb      0x1c7 ./BSP/bsp_trace.o
 .debug_abbrev  0x000003b2       0x14 ./CMSIS/EFM32GG/startup_gcc_efm32gg.o
 .debug_abbrev  0x000003c6      0x1eb ./CMSIS/EFM32GG/system_efm32gg.o
 .debug_abbrev  0x000005b1      0x201 ./FreeRTOS/efm32gg/heap_1.o
 .debug_abbrev  0x000007b2      0x1d1 ./FreeRTOS/efm32gg/list.o
 .debug_abbrev  0x00000983      0x1d4 ./FreeRTOS/efm32gg/port_gcc.o
 .debug_abbrev  0x00000b57      0x2cf ./FreeRTOS/efm32gg/queue.o
 .debug_abbrev  0x00000e26      0x363 ./FreeRTOS/efm32gg/tasks.o
 .debug_abbrev  0x00001189      0x25e ./FreeRTOS/efm32gg/timers.o
 .debug_abbrev  0x000013e7       0x68 ./emlib/em_assert.o
 .debug_abbrev  0x0000144f      0x226 ./emlib/em_burtc.o
 .debug_abbrev  0x00001675      0x2ed ./emlib/em_cmu.o
 .debug_abbrev  0x00001962      0x203 ./emlib/em_gpio.o
 .debug_abbrev  0x00001b65      0x278 ./emlib/em_i2c.o
 .debug_abbrev  0x00001ddd      0x231 ./emlib/em_rmu.o
 .debug_abbrev  0x0000200e      0x153 ./emlib/em_system.o
 .debug_abbrev  0x00002161      0x2b3 ./src/low_power_tick_management.o
 .debug_abbrev  0x00002414      0x1fb ./src/main.o
 .debug_abbrev  0x0000260f      0x2b1 ./src/my_i2c.o

.debug_loc      0x00000000     0x4d78
 .debug_loc     0x00000000      0x3cc ./BSP/bsp_stk_leds.o
 .debug_loc     0x000003cc       0x7c ./BSP/bsp_trace.o
 .debug_loc     0x00000448      0x31c ./CMSIS/EFM32GG/system_efm32gg.o
 .debug_loc     0x00000764      0x128 ./FreeRTOS/efm32gg/heap_1.o
 .debug_loc     0x0000088c      0x1cc ./FreeRTOS/efm32gg/list.o
 .debug_loc     0x00000a58      0x294 ./FreeRTOS/efm32gg/port_gcc.o
 .debug_loc     0x00000cec      0x844 ./FreeRTOS/efm32gg/queue.o
 .debug_loc     0x00001530      0xf44 ./FreeRTOS/efm32gg/tasks.o
 .debug_loc     0x00002474      0x5ec ./FreeRTOS/efm32gg/timers.o
 .debug_loc     0x00002a60       0x38 ./emlib/em_assert.o
 .debug_loc     0x00002a98      0x41c ./emlib/em_burtc.o
 .debug_loc     0x00002eb4      0xde0 ./emlib/em_cmu.o
 .debug_loc     0x00003c94      0x3e4 ./emlib/em_gpio.o
 .debug_loc     0x00004078      0x3a0 ./emlib/em_i2c.o
 .debug_loc     0x00004418      0x23c ./emlib/em_rmu.o
 .debug_loc     0x00004654       0xac ./emlib/em_system.o
 .debug_loc     0x00004700      0x30c ./src/low_power_tick_management.o
 .debug_loc     0x00004a0c      0x154 ./src/main.o
 .debug_loc     0x00004b60      0x218 ./src/my_i2c.o

.debug_aranges  0x00000000      0x9d0
 .debug_aranges
                0x00000000       0x78 ./BSP/bsp_stk_leds.o
 .debug_aranges
                0x00000078       0x28 ./BSP/bsp_trace.o
 .debug_aranges
                0x000000a0       0x20 ./CMSIS/EFM32GG/startup_gcc_efm32gg.o
 .debug_aranges
                0x000000c0       0x70 ./CMSIS/EFM32GG/system_efm32gg.o
 .debug_aranges
                0x00000130       0x38 ./FreeRTOS/efm32gg/heap_1.o
 .debug_aranges
                0x00000168       0x40 ./FreeRTOS/efm32gg/list.o
 .debug_aranges
                0x000001a8       0x78 ./FreeRTOS/efm32gg/port_gcc.o
 .debug_aranges
                0x00000220       0xe8 ./FreeRTOS/efm32gg/queue.o
 .debug_aranges
                0x00000308      0x1a0 ./FreeRTOS/efm32gg/tasks.o
 .debug_aranges
                0x000004a8       0xb8 ./FreeRTOS/efm32gg/timers.o
 .debug_aranges
                0x00000560       0x20 ./emlib/em_assert.o
 .debug_aranges
                0x00000580       0x80 ./emlib/em_burtc.o
 .debug_aranges
                0x00000600      0x180 ./emlib/em_cmu.o
 .debug_aranges
                0x00000780       0x78 ./emlib/em_gpio.o
 .debug_aranges
                0x000007f8       0x70 ./emlib/em_i2c.o
 .debug_aranges
                0x00000868       0x50 ./emlib/em_rmu.o
 .debug_aranges
                0x000008b8       0x28 ./emlib/em_system.o
 .debug_aranges
                0x000008e0       0x60 ./src/low_power_tick_management.o
 .debug_aranges
                0x00000940       0x40 ./src/main.o
 .debug_aranges
                0x00000980       0x50 ./src/my_i2c.o

.debug_ranges   0x00000000      0x898
 .debug_ranges  0x00000000       0x68 ./BSP/bsp_stk_leds.o
 .debug_ranges  0x00000068       0x18 ./BSP/bsp_trace.o
 .debug_ranges  0x00000080       0x60 ./CMSIS/EFM32GG/system_efm32gg.o
 .debug_ranges  0x000000e0       0x28 ./FreeRTOS/efm32gg/heap_1.o
 .debug_ranges  0x00000108       0x30 ./FreeRTOS/efm32gg/list.o
 .debug_ranges  0x00000138       0x68 ./FreeRTOS/efm32gg/port_gcc.o
 .debug_ranges  0x000001a0       0xd8 ./FreeRTOS/efm32gg/queue.o
 .debug_ranges  0x00000278      0x190 ./FreeRTOS/efm32gg/tasks.o
 .debug_ranges  0x00000408       0xa8 ./FreeRTOS/efm32gg/timers.o
 .debug_ranges  0x000004b0       0x10 ./emlib/em_assert.o
 .debug_ranges  0x000004c0       0x70 ./emlib/em_burtc.o
 .debug_ranges  0x00000530      0x170 ./emlib/em_cmu.o
 .debug_ranges  0x000006a0       0x68 ./emlib/em_gpio.o
 .debug_ranges  0x00000708       0x78 ./emlib/em_i2c.o
 .debug_ranges  0x00000780       0x40 ./emlib/em_rmu.o
 .debug_ranges  0x000007c0       0x18 ./emlib/em_system.o
 .debug_ranges  0x000007d8       0x50 ./src/low_power_tick_management.o
 .debug_ranges  0x00000828       0x30 ./src/main.o
 .debug_ranges  0x00000858       0x40 ./src/my_i2c.o

.debug_macro    0x00000000    0x266d5
 .debug_macro   0x00000000      0x2fd ./BSP/bsp_stk_leds.o
 .debug_macro   0x000002fd      0xa54 ./BSP/bsp_stk_leds.o
 .debug_macro   0x00000d51      0x39b ./BSP/bsp_stk_leds.o
 .debug_macro   0x000010ec       0x22 ./BSP/bsp_stk_leds.o
 .debug_macro   0x0000110e       0x4f ./BSP/bsp_stk_leds.o
 .debug_macro   0x0000115d       0x51 ./BSP/bsp_stk_leds.o
 .debug_macro   0x000011ae       0xef ./BSP/bsp_stk_leds.o
 .debug_macro   0x0000129d       0x6a ./BSP/bsp_stk_leds.o
 .debug_macro   0x00001307      0x1df ./BSP/bsp_stk_leds.o
 .debug_macro   0x000014e6       0x1c ./BSP/bsp_stk_leds.o
 .debug_macro   0x00001502       0x22 ./BSP/bsp_stk_leds.o
 .debug_macro   0x00001524       0xc3 ./BSP/bsp_stk_leds.o
 .debug_macro   0x000015e7      0xe18 ./BSP/bsp_stk_leds.o
 .debug_macro   0x000023ff       0xe2 ./BSP/bsp_stk_leds.o
 .debug_macro   0x000024e1     0x2869 ./BSP/bsp_stk_leds.o
 .debug_macro   0x00004d4a      0x39e ./BSP/bsp_stk_leds.o
 .debug_macro   0x000050e8     0x3f12 ./BSP/bsp_stk_leds.o
 .debug_macro   0x00008ffa      0x9a4 ./BSP/bsp_stk_leds.o
 .debug_macro   0x0000999e      0x6eb ./BSP/bsp_stk_leds.o
 .debug_macro   0x0000a089      0x283 ./BSP/bsp_stk_leds.o
 .debug_macro   0x0000a30c     0x1e37 ./BSP/bsp_stk_leds.o
 .debug_macro   0x0000c143     0x30cb ./BSP/bsp_stk_leds.o
 .debug_macro   0x0000f20e      0x37f ./BSP/bsp_stk_leds.o
 .debug_macro   0x0000f58d      0x855 ./BSP/bsp_stk_leds.o
 .debug_macro   0x0000fde2     0x230f ./BSP/bsp_stk_leds.o
 .debug_macro   0x000120f1     0x1bf6 ./BSP/bsp_stk_leds.o
 .debug_macro   0x00013ce7     0x1709 ./BSP/bsp_stk_leds.o
 .debug_macro   0x000153f0      0x6d8 ./BSP/bsp_stk_leds.o
 .debug_macro   0x00015ac8     0x106a ./BSP/bsp_stk_leds.o
 .debug_macro   0x00016b32     0x1d83 ./BSP/bsp_stk_leds.o
 .debug_macro   0x000188b5      0x33d ./BSP/bsp_stk_leds.o
 .debug_macro   0x00018bf2      0xa66 ./BSP/bsp_stk_leds.o
 .debug_macro   0x00019658      0xfe0 ./BSP/bsp_stk_leds.o
 .debug_macro   0x0001a638      0x894 ./BSP/bsp_stk_leds.o
 .debug_macro   0x0001aecc      0xf85 ./BSP/bsp_stk_leds.o
 .debug_macro   0x0001be51     0x12a5 ./BSP/bsp_stk_leds.o
 .debug_macro   0x0001d0f6      0xc4a ./BSP/bsp_stk_leds.o
 .debug_macro   0x0001dd40      0x74d ./BSP/bsp_stk_leds.o
 .debug_macro   0x0001e48d      0x1c9 ./BSP/bsp_stk_leds.o
 .debug_macro   0x0001e656     0x1041 ./BSP/bsp_stk_leds.o
 .debug_macro   0x0001f697      0x280 ./BSP/bsp_stk_leds.o
 .debug_macro   0x0001f917       0x40 ./BSP/bsp_stk_leds.o
 .debug_macro   0x0001f957      0x250 ./BSP/bsp_stk_leds.o
 .debug_macro   0x0001fba7      0x1f0 ./BSP/bsp_stk_leds.o
 .debug_macro   0x0001fd97      0x166 ./BSP/bsp_stk_leds.o
 .debug_macro   0x0001fefd      0x252 ./BSP/bsp_stk_leds.o
 .debug_macro   0x0002014f     0x1bd7 ./BSP/bsp_stk_leds.o
 .debug_macro   0x00021d26       0x2e ./BSP/bsp_stk_leds.o
 .debug_macro   0x00021d54      0x427 ./BSP/bsp_stk_leds.o
 .debug_macro   0x0002217b      0x427 ./BSP/bsp_stk_leds.o
 .debug_macro   0x000225a2       0x22 ./BSP/bsp_stk_leds.o
 .debug_macro   0x000225c4       0x10 ./BSP/bsp_stk_leds.o
 .debug_macro   0x000225d4       0xcc ./BSP/bsp_stk_leds.o
 .debug_macro   0x000226a0       0x69 ./BSP/bsp_stk_leds.o
 .debug_macro   0x00022709      0x330 ./BSP/bsp_stk_leds.o
 .debug_macro   0x00022a39       0xb2 ./BSP/bsp_stk_leds.o
 .debug_macro   0x00022aeb       0x76 ./BSP/bsp_stk_leds.o
 .debug_macro   0x00022b61       0xf1 ./BSP/bsp_stk_leds.o
 .debug_macro   0x00022c52       0x3a ./BSP/bsp_stk_leds.o
 .debug_macro   0x00022c8c      0x2fe ./BSP/bsp_trace.o
 .debug_macro   0x00022f8a       0xc6 ./BSP/bsp_trace.o
 .debug_macro   0x00023050       0x16 ./BSP/bsp_trace.o
 .debug_macro   0x00023066      0x28e ./CMSIS/EFM32GG/system_efm32gg.o
 .debug_macro   0x000232f4      0x1a3 ./FreeRTOS/efm32gg/heap_1.o
 .debug_macro   0x00023497      0x182 ./FreeRTOS/efm32gg/list.o
 .debug_macro   0x00023619      0x187 ./FreeRTOS/efm32gg/port_gcc.o
 .debug_macro   0x000237a0      0x1f6 ./FreeRTOS/efm32gg/queue.o
 .debug_macro   0x00023996       0x16 ./FreeRTOS/efm32gg/queue.o
 .debug_macro   0x000239ac       0x35 ./FreeRTOS/efm32gg/queue.o
 .debug_macro   0x000239e1       0x95 ./FreeRTOS/efm32gg/queue.o
 .debug_macro   0x00023a76      0x258 ./FreeRTOS/efm32gg/tasks.o
 .debug_macro   0x00023cce       0x11 ./FreeRTOS/efm32gg/tasks.o
 .debug_macro   0x00023cdf      0x1bf ./FreeRTOS/efm32gg/timers.o
 .debug_macro   0x00023e9e       0x23 ./emlib/em_assert.o
 .debug_macro   0x00023ec1      0x29b ./emlib/em_burtc.o
 .debug_macro   0x0002415c       0x3b ./emlib/em_burtc.o
 .debug_macro   0x00024197      0x367 ./emlib/em_cmu.o
 .debug_macro   0x000244fe       0x58 ./emlib/em_cmu.o
 .debug_macro   0x00024556      0x34d ./emlib/em_cmu.o
 .debug_macro   0x000248a3       0x25 ./emlib/em_cmu.o
 .debug_macro   0x000248c8       0xee ./emlib/em_cmu.o
 .debug_macro   0x000249b6       0x1f ./emlib/em_cmu.o
 .debug_macro   0x000249d5      0x2a7 ./emlib/em_gpio.o
 .debug_macro   0x00024c7c      0x330 ./emlib/em_i2c.o
 .debug_macro   0x00024fac       0x3f ./emlib/em_i2c.o
 .debug_macro   0x00024feb      0x32d ./emlib/em_rmu.o
 .debug_macro   0x00025318      0x295 ./emlib/em_system.o
 .debug_macro   0x000255ad      0x363 ./src/low_power_tick_management.o
 .debug_macro   0x00025910       0x16 ./src/low_power_tick_management.o
 .debug_macro   0x00025926       0x41 ./src/low_power_tick_management.o
 .debug_macro   0x00025967       0x11 ./src/low_power_tick_management.o
 .debug_macro   0x00025978       0x2d ./src/low_power_tick_management.o
 .debug_macro   0x000259a5      0x4e3 ./src/main.o
 .debug_macro   0x00025e88       0x16 ./src/main.o
 .debug_macro   0x00025e9e       0x97 ./src/main.o
 .debug_macro   0x00025f35       0xf6 ./src/main.o
 .debug_macro   0x0002602b       0x10 ./src/main.o
 .debug_macro   0x0002603b       0x10 ./src/main.o
 .debug_macro   0x0002604b       0xb6 ./src/main.o
 .debug_macro   0x00026101       0x16 ./src/main.o
 .debug_macro   0x00026117      0x129 ./src/main.o
 .debug_macro   0x00026240       0x63 ./src/main.o
 .debug_macro   0x000262a3      0x432 ./src/my_i2c.o

.debug_line     0x00000000     0xb5c0
 .debug_line    0x00000000      0xb67 ./BSP/bsp_stk_leds.o
 .debug_line    0x00000b67      0x93a ./BSP/bsp_trace.o
 .debug_line    0x000014a1       0x72 ./CMSIS/EFM32GG/startup_gcc_efm32gg.o
 .debug_line    0x00001513      0x835 ./CMSIS/EFM32GG/system_efm32gg.o
 .debug_line    0x00001d48      0x58f ./FreeRTOS/efm32gg/heap_1.o
 .debug_line    0x000022d7      0x5a4 ./FreeRTOS/efm32gg/list.o
 .debug_line    0x0000287b      0x61b ./FreeRTOS/efm32gg/port_gcc.o
 .debug_line    0x00002e96      0xa62 ./FreeRTOS/efm32gg/queue.o
 .debug_line    0x000038f8      0xe7f ./FreeRTOS/efm32gg/tasks.o
 .debug_line    0x00004777      0x7e7 ./FreeRTOS/efm32gg/timers.o
 .debug_line    0x00004f5e      0x12f ./emlib/em_assert.o
 .debug_line    0x0000508d      0x976 ./emlib/em_burtc.o
 .debug_line    0x00005a03     0x1119 ./emlib/em_cmu.o
 .debug_line    0x00006b1c      0xa98 ./emlib/em_gpio.o
 .debug_line    0x000075b4      0xb23 ./emlib/em_i2c.o
 .debug_line    0x000080d7      0x8a0 ./emlib/em_rmu.o
 .debug_line    0x00008977      0x817 ./emlib/em_system.o
 .debug_line    0x0000918e      0xb7b ./src/low_power_tick_management.o
 .debug_line    0x00009d09      0xd1e ./src/main.o
 .debug_line    0x0000aa27      0xb99 ./src/my_i2c.o

.debug_str      0x00000000    0xe2a18
 .debug_str     0x00000000    0xd49e5 ./BSP/bsp_stk_leds.o
                              0xd5024 (size before relaxing)
 .debug_str     0x000d49e5      0x398 ./BSP/bsp_trace.o
                              0xd50e6 (size before relaxing)
 .debug_str     0x000d4d7d       0x36 ./CMSIS/EFM32GG/startup_gcc_efm32gg.o
                                 0x5d (size before relaxing)
 .debug_str     0x000d4db3      0x26b ./CMSIS/EFM32GG/system_efm32gg.o
                              0xd2e82 (size before relaxing)
 .debug_str     0x000d501e     0x6761 ./FreeRTOS/efm32gg/heap_1.o
                               0xa3b8 (size before relaxing)
 .debug_str     0x000db77f      0x13d ./FreeRTOS/efm32gg/list.o
                               0x9e24 (size before relaxing)
 .debug_str     0x000db8bc      0x6ef ./FreeRTOS/efm32gg/port_gcc.o
                               0x7bcd (size before relaxing)
 .debug_str     0x000dbfab      0xeeb ./FreeRTOS/efm32gg/queue.o
                               0xb310 (size before relaxing)
 .debug_str     0x000dce96     0x190e ./FreeRTOS/efm32gg/tasks.o
                               0xbe41 (size before relaxing)
 .debug_str     0x000de7a4      0x406 ./FreeRTOS/efm32gg/timers.o
                               0xb808 (size before relaxing)
 .debug_str     0x000debaa       0x1f ./emlib/em_assert.o
                               0x2d79 (size before relaxing)
 .debug_str     0x000debc9      0x38e ./emlib/em_burtc.o
                              0xd2f78 (size before relaxing)
 .debug_str     0x000def57      0xf83 ./emlib/em_cmu.o
                              0xd6cb4 (size before relaxing)
 .debug_str     0x000dfeda      0x1fb ./emlib/em_gpio.o
                              0xd36dc (size before relaxing)
 .debug_str     0x000e00d5      0x50e ./emlib/em_i2c.o
                              0xd636c (size before relaxing)
 .debug_str     0x000e05e3      0x497 ./emlib/em_rmu.o
                              0xd343d (size before relaxing)
 .debug_str     0x000e0a7a       0xac ./emlib/em_system.o
                              0xd2f71 (size before relaxing)
 .debug_str     0x000e0b26      0xa20 ./src/low_power_tick_management.o
                              0xd8ade (size before relaxing)
 .debug_str     0x000e1546     0x140b ./src/main.o
                              0xdc2ab (size before relaxing)
 .debug_str     0x000e2951       0xc7 ./src/my_i2c.o
                              0xdb63d (size before relaxing)

.debug_frame    0x00000000     0x2d14
 .debug_frame   0x00000000      0x1c4 ./BSP/bsp_stk_leds.o
 .debug_frame   0x000001c4       0x50 ./BSP/bsp_trace.o
 .debug_frame   0x00000214      0x180 ./CMSIS/EFM32GG/system_efm32gg.o
 .debug_frame   0x00000394       0x98 ./FreeRTOS/efm32gg/heap_1.o
 .debug_frame   0x0000042c       0xd8 ./FreeRTOS/efm32gg/list.o
 .debug_frame   0x00000504      0x178 ./FreeRTOS/efm32gg/port_gcc.o
 .debug_frame   0x0000067c      0x3c4 ./FreeRTOS/efm32gg/queue.o
 .debug_frame   0x00000a40      0x6f4 ./FreeRTOS/efm32gg/tasks.o
 .debug_frame   0x00001134      0x2d8 ./FreeRTOS/efm32gg/timers.o
 .debug_frame   0x0000140c       0x2c ./emlib/em_assert.o
 .debug_frame   0x00001438      0x1ec ./emlib/em_burtc.o
 .debug_frame   0x00001624      0x66c ./emlib/em_cmu.o
 .debug_frame   0x00001c90      0x1cc ./emlib/em_gpio.o
 .debug_frame   0x00001e5c      0x1b0 ./emlib/em_i2c.o
 .debug_frame   0x0000200c      0x110 ./emlib/em_rmu.o
 .debug_frame   0x0000211c       0x5c ./emlib/em_system.o
 .debug_frame   0x00002178      0x16c ./src/low_power_tick_management.o
 .debug_frame   0x000022e4       0xb8 ./src/main.o
 .debug_frame   0x0000239c      0x10c ./src/my_i2c.o
 .debug_frame   0x000024a8       0x28 c:/siliconlabs/simplicitystudio/v4/developer/toolchains/gnu_arm/7.2_2017q4/bin/../lib/gcc/arm-none-eabi/7.2.1/../../../../arm-none-eabi/lib/thumb/v7-m\libc_nano.a(lib_a-exit.o)
 .debug_frame   0x000024d0       0x2c c:/siliconlabs/simplicitystudio/v4/developer/toolchains/gnu_arm/7.2_2017q4/bin/../lib/gcc/arm-none-eabi/7.2.1/../../../../arm-none-eabi/lib/thumb/v7-m\libc_nano.a(lib_a-init.o)
 .debug_frame   0x000024fc       0x28 c:/siliconlabs/simplicitystudio/v4/developer/toolchains/gnu_arm/7.2_2017q4/bin/../lib/gcc/arm-none-eabi/7.2.1/../../../../arm-none-eabi/lib/thumb/v7-m\libc_nano.a(lib_a-memcpy-stub.o)
 .debug_frame   0x00002524       0x20 c:/siliconlabs/simplicitystudio/v4/developer/toolchains/gnu_arm/7.2_2017q4/bin/../lib/gcc/arm-none-eabi/7.2.1/../../../../arm-none-eabi/lib/thumb/v7-m\libc_nano.a(lib_a-memset.o)
 .debug_frame   0x00002544       0x74 c:/siliconlabs/simplicitystudio/v4/developer/toolchains/gnu_arm/7.2_2017q4/bin/../lib/gcc/arm-none-eabi/7.2.1/../../../../arm-none-eabi/lib/thumb/v7-m\libc_nano.a(lib_a-printf.o)
 .debug_frame   0x000025b8      0x11c c:/siliconlabs/simplicitystudio/v4/developer/toolchains/gnu_arm/7.2_2017q4/bin/../lib/gcc/arm-none-eabi/7.2.1/../../../../arm-none-eabi/lib/thumb/v7-m\libc_nano.a(lib_a-findfp.o)
 .debug_frame   0x000026d4       0x54 c:/siliconlabs/simplicitystudio/v4/developer/toolchains/gnu_arm/7.2_2017q4/bin/../lib/gcc/arm-none-eabi/7.2.1/../../../../arm-none-eabi/lib/thumb/v7-m\libc_nano.a(lib_a-fwalk.o)
 .debug_frame   0x00002728       0x2c c:/siliconlabs/simplicitystudio/v4/developer/toolchains/gnu_arm/7.2_2017q4/bin/../lib/gcc/arm-none-eabi/7.2.1/../../../../arm-none-eabi/lib/thumb/v7-m\libc_nano.a(lib_a-nano-mallocr.o)
 .debug_frame   0x00002754       0xac c:/siliconlabs/simplicitystudio/v4/developer/toolchains/gnu_arm/7.2_2017q4/bin/../lib/gcc/arm-none-eabi/7.2.1/../../../../arm-none-eabi/lib/thumb/v7-m\libc_nano.a(lib_a-nano-vfprintf.o)
 .debug_frame   0x00002800       0x60 c:/siliconlabs/simplicitystudio/v4/developer/toolchains/gnu_arm/7.2_2017q4/bin/../lib/gcc/arm-none-eabi/7.2.1/../../../../arm-none-eabi/lib/thumb/v7-m\libc_nano.a(lib_a-nano-vfprintf_i.o)
 .debug_frame   0x00002860       0x2c c:/siliconlabs/simplicitystudio/v4/developer/toolchains/gnu_arm/7.2_2017q4/bin/../lib/gcc/arm-none-eabi/7.2.1/../../../../arm-none-eabi/lib/thumb/v7-m\libc_nano.a(lib_a-sbrkr.o)
 .debug_frame   0x0000288c       0x88 c:/siliconlabs/simplicitystudio/v4/developer/toolchains/gnu_arm/7.2_2017q4/bin/../lib/gcc/arm-none-eabi/7.2.1/../../../../arm-none-eabi/lib/thumb/v7-m\libc_nano.a(lib_a-stdio.o)
 .debug_frame   0x00002914       0x40 c:/siliconlabs/simplicitystudio/v4/developer/toolchains/gnu_arm/7.2_2017q4/bin/../lib/gcc/arm-none-eabi/7.2.1/../../../../arm-none-eabi/lib/thumb/v7-m\libc_nano.a(lib_a-wbuf.o)
 .debug_frame   0x00002954       0x2c c:/siliconlabs/simplicitystudio/v4/developer/toolchains/gnu_arm/7.2_2017q4/bin/../lib/gcc/arm-none-eabi/7.2.1/../../../../arm-none-eabi/lib/thumb/v7-m\libc_nano.a(lib_a-writer.o)
 .debug_frame   0x00002980       0x2c c:/siliconlabs/simplicitystudio/v4/developer/toolchains/gnu_arm/7.2_2017q4/bin/../lib/gcc/arm-none-eabi/7.2.1/../../../../arm-none-eabi/lib/thumb/v7-m\libc_nano.a(lib_a-wsetup.o)
 .debug_frame   0x000029ac       0x2c c:/siliconlabs/simplicitystudio/v4/developer/toolchains/gnu_arm/7.2_2017q4/bin/../lib/gcc/arm-none-eabi/7.2.1/../../../../arm-none-eabi/lib/thumb/v7-m\libc_nano.a(lib_a-closer.o)
 .debug_frame   0x000029d8       0x68 c:/siliconlabs/simplicitystudio/v4/developer/toolchains/gnu_arm/7.2_2017q4/bin/../lib/gcc/arm-none-eabi/7.2.1/../../../../arm-none-eabi/lib/thumb/v7-m\libc_nano.a(lib_a-fflush.o)
 .debug_frame   0x00002a40       0x2c c:/siliconlabs/simplicitystudio/v4/developer/toolchains/gnu_arm/7.2_2017q4/bin/../lib/gcc/arm-none-eabi/7.2.1/../../../../arm-none-eabi/lib/thumb/v7-m\libc_nano.a(lib_a-lseekr.o)
 .debug_frame   0x00002a6c       0x58 c:/siliconlabs/simplicitystudio/v4/developer/toolchains/gnu_arm/7.2_2017q4/bin/../lib/gcc/arm-none-eabi/7.2.1/../../../../arm-none-eabi/lib/thumb/v7-m\libc_nano.a(lib_a-makebuf.o)
 .debug_frame   0x00002ac4       0x28 c:/siliconlabs/simplicitystudio/v4/developer/toolchains/gnu_arm/7.2_2017q4/bin/../lib/gcc/arm-none-eabi/7.2.1/../../../../arm-none-eabi/lib/thumb/v7-m\libc_nano.a(lib_a-memchr-stub.o)
 .debug_frame   0x00002aec       0x30 c:/siliconlabs/simplicitystudio/v4/developer/toolchains/gnu_arm/7.2_2017q4/bin/../lib/gcc/arm-none-eabi/7.2.1/../../../../arm-none-eabi/lib/thumb/v7-m\libc_nano.a(lib_a-mlock.o)
 .debug_frame   0x00002b1c       0x38 c:/siliconlabs/simplicitystudio/v4/developer/toolchains/gnu_arm/7.2_2017q4/bin/../lib/gcc/arm-none-eabi/7.2.1/../../../../arm-none-eabi/lib/thumb/v7-m\libc_nano.a(lib_a-nano-freer.o)
 .debug_frame   0x00002b54       0x2c c:/siliconlabs/simplicitystudio/v4/developer/toolchains/gnu_arm/7.2_2017q4/bin/../lib/gcc/arm-none-eabi/7.2.1/../../../../arm-none-eabi/lib/thumb/v7-m\libc_nano.a(lib_a-readr.o)
 .debug_frame   0x00002b80       0x5c c:/siliconlabs/simplicitystudio/v4/developer/toolchains/gnu_arm/7.2_2017q4/bin/../lib/gcc/arm-none-eabi/7.2.1/../../../../arm-none-eabi/lib/thumb/v7-m\libc_nano.a(lib_a-reent.o)
 .debug_frame   0x00002bdc       0x2c c:/siliconlabs/simplicitystudio/v4/developer/toolchains/gnu_arm/7.2_2017q4/bin/../lib/gcc/arm-none-eabi/7.2.1/../../../../arm-none-eabi/lib/thumb/v7-m\libc_nano.a(lib_a-fstatr.o)
 .debug_frame   0x00002c08       0x2c c:/siliconlabs/simplicitystudio/v4/developer/toolchains/gnu_arm/7.2_2017q4/bin/../lib/gcc/arm-none-eabi/7.2.1/../../../../arm-none-eabi/lib/thumb/v7-m\libc_nano.a(lib_a-isattyr.o)
 .debug_frame   0x00002c34       0x20 c:/siliconlabs/simplicitystudio/v4/developer/toolchains/gnu_arm/7.2_2017q4/bin/../lib/gcc/arm-none-eabi/7.2.1/../../../../arm-none-eabi/lib/thumb/v7-m\libnosys.a(close.o)
 .debug_frame   0x00002c54       0x20 c:/siliconlabs/simplicitystudio/v4/developer/toolchains/gnu_arm/7.2_2017q4/bin/../lib/gcc/arm-none-eabi/7.2.1/../../../../arm-none-eabi/lib/thumb/v7-m\libnosys.a(fstat.o)
 .debug_frame   0x00002c74       0x20 c:/siliconlabs/simplicitystudio/v4/developer/toolchains/gnu_arm/7.2_2017q4/bin/../lib/gcc/arm-none-eabi/7.2.1/../../../../arm-none-eabi/lib/thumb/v7-m\libnosys.a(isatty.o)
 .debug_frame   0x00002c94       0x20 c:/siliconlabs/simplicitystudio/v4/developer/toolchains/gnu_arm/7.2_2017q4/bin/../lib/gcc/arm-none-eabi/7.2.1/../../../../arm-none-eabi/lib/thumb/v7-m\libnosys.a(lseek.o)
 .debug_frame   0x00002cb4       0x20 c:/siliconlabs/simplicitystudio/v4/developer/toolchains/gnu_arm/7.2_2017q4/bin/../lib/gcc/arm-none-eabi/7.2.1/../../../../arm-none-eabi/lib/thumb/v7-m\libnosys.a(read.o)
 .debug_frame   0x00002cd4       0x20 c:/siliconlabs/simplicitystudio/v4/developer/toolchains/gnu_arm/7.2_2017q4/bin/../lib/gcc/arm-none-eabi/7.2.1/../../../../arm-none-eabi/lib/thumb/v7-m\libnosys.a(sbrk.o)
 .debug_frame   0x00002cf4       0x20 c:/siliconlabs/simplicitystudio/v4/developer/toolchains/gnu_arm/7.2_2017q4/bin/../lib/gcc/arm-none-eabi/7.2.1/../../../../arm-none-eabi/lib/thumb/v7-m\libnosys.a(_exit.o)

.stab           0x00000000       0x84
 .stab          0x00000000       0x24 c:/siliconlabs/simplicitystudio/v4/developer/toolchains/gnu_arm/7.2_2017q4/bin/../lib/gcc/arm-none-eabi/7.2.1/../../../../arm-none-eabi/lib/thumb/v7-m\libnosys.a(close.o)
 .stab          0x00000024       0x18 c:/siliconlabs/simplicitystudio/v4/developer/toolchains/gnu_arm/7.2_2017q4/bin/../lib/gcc/arm-none-eabi/7.2.1/../../../../arm-none-eabi/lib/thumb/v7-m\libnosys.a(fstat.o)
                                 0x24 (size before relaxing)
 .stab          0x0000003c       0x18 c:/siliconlabs/simplicitystudio/v4/developer/toolchains/gnu_arm/7.2_2017q4/bin/../lib/gcc/arm-none-eabi/7.2.1/../../../../arm-none-eabi/lib/thumb/v7-m\libnosys.a(isatty.o)
                                 0x24 (size before relaxing)
 .stab          0x00000054       0x18 c:/siliconlabs/simplicitystudio/v4/developer/toolchains/gnu_arm/7.2_2017q4/bin/../lib/gcc/arm-none-eabi/7.2.1/../../../../arm-none-eabi/lib/thumb/v7-m\libnosys.a(lseek.o)
                                 0x24 (size before relaxing)
 .stab          0x0000006c       0x18 c:/siliconlabs/simplicitystudio/v4/developer/toolchains/gnu_arm/7.2_2017q4/bin/../lib/gcc/arm-none-eabi/7.2.1/../../../../arm-none-eabi/lib/thumb/v7-m\libnosys.a(read.o)
                                 0x24 (size before relaxing)

.stabstr        0x00000000      0x117
 .stabstr       0x00000000      0x117 c:/siliconlabs/simplicitystudio/v4/developer/toolchains/gnu_arm/7.2_2017q4/bin/../lib/gcc/arm-none-eabi/7.2.1/../../../../arm-none-eabi/lib/thumb/v7-m\libnosys.a(close.o)
